../Core/Src/main.c:114:5:main	144	static
../Core/Src/main.c:222:6:SystemClock_Config	88	static
../Core/Src/main.c:269:13:MX_ADC1_Init	24	static
../Core/Src/main.c:316:13:MX_CAN_Init	8	static
../Core/Src/main.c:353:13:MX_I2C1_Init	8	static
../Core/Src/main.c:387:13:MX_TIM2_Init	48	static
../Core/Src/main.c:436:13:MX_TIM3_Init	56	static
../Core/Src/main.c:485:13:MX_GPIO_Init	40	static
../Core/Src/main.c:532:6:SensorTask	40	static
../Core/Src/main.c:572:6:FaultTask	16	static
../Core/Src/main.c:590:6:CANTask	120	static
../Core/Src/main.c:651:6:MotorTask	32	static
../Core/Src/main.c:677:6:Error_Handler	4	static,ignoring_inline_asm
