Archive member included to satisfy reference by file (symbol)

C:/ST/STM32CubeIDE_1.16.1/STM32CubeIDE/plugins/com.st.stm32cube.ide.mcu.externaltools.gnu-tools-for-stm32.12.3.rel1.win32_1.0.200.202406191623/tools/bin/../lib/gcc/arm-none-eabi/12.3.1/../../../../arm-none-eabi/lib/thumb/v7-m/nofp\libc_nano.a(libc_a-exit.o)
                              C:/ST/STM32CubeIDE_1.16.1/STM32CubeIDE/plugins/com.st.stm32cube.ide.mcu.externaltools.gnu-tools-for-stm32.12.3.rel1.win32_1.0.200.202406191623/tools/bin/../lib/gcc/arm-none-eabi/12.3.1/../../../../arm-none-eabi/lib/thumb/v7-m/nofp/crt0.o (exit)
C:/ST/STM32CubeIDE_1.16.1/STM32CubeIDE/plugins/com.st.stm32cube.ide.mcu.externaltools.gnu-tools-for-stm32.12.3.rel1.win32_1.0.200.202406191623/tools/bin/../lib/gcc/arm-none-eabi/12.3.1/../../../../arm-none-eabi/lib/thumb/v7-m/nofp\libc_nano.a(libc_a-findfp.o)
                              C:/ST/STM32CubeIDE_1.16.1/STM32CubeIDE/plugins/com.st.stm32cube.ide.mcu.externaltools.gnu-tools-for-stm32.12.3.rel1.win32_1.0.200.202406191623/tools/bin/../lib/gcc/arm-none-eabi/12.3.1/../../../../arm-none-eabi/lib/thumb/v7-m/nofp\libc_nano.a(libc_a-exit.o) (__stdio_exit_handler)
C:/ST/STM32CubeIDE_1.16.1/STM32CubeIDE/plugins/com.st.stm32cube.ide.mcu.externaltools.gnu-tools-for-stm32.12.3.rel1.win32_1.0.200.202406191623/tools/bin/../lib/gcc/arm-none-eabi/12.3.1/../../../../arm-none-eabi/lib/thumb/v7-m/nofp\libc_nano.a(libc_a-fwalk.o)
                              C:/ST/STM32CubeIDE_1.16.1/STM32CubeIDE/plugins/com.st.stm32cube.ide.mcu.externaltools.gnu-tools-for-stm32.12.3.rel1.win32_1.0.200.202406191623/tools/bin/../lib/gcc/arm-none-eabi/12.3.1/../../../../arm-none-eabi/lib/thumb/v7-m/nofp\libc_nano.a(libc_a-findfp.o) (_fwalk_sglue)
C:/ST/STM32CubeIDE_1.16.1/STM32CubeIDE/plugins/com.st.stm32cube.ide.mcu.externaltools.gnu-tools-for-stm32.12.3.rel1.win32_1.0.200.202406191623/tools/bin/../lib/gcc/arm-none-eabi/12.3.1/../../../../arm-none-eabi/lib/thumb/v7-m/nofp\libc_nano.a(libc_a-stdio.o)
                              C:/ST/STM32CubeIDE_1.16.1/STM32CubeIDE/plugins/com.st.stm32cube.ide.mcu.externaltools.gnu-tools-for-stm32.12.3.rel1.win32_1.0.200.202406191623/tools/bin/../lib/gcc/arm-none-eabi/12.3.1/../../../../arm-none-eabi/lib/thumb/v7-m/nofp\libc_nano.a(libc_a-findfp.o) (__sread)
C:/ST/STM32CubeIDE_1.16.1/STM32CubeIDE/plugins/com.st.stm32cube.ide.mcu.externaltools.gnu-tools-for-stm32.12.3.rel1.win32_1.0.200.202406191623/tools/bin/../lib/gcc/arm-none-eabi/12.3.1/../../../../arm-none-eabi/lib/thumb/v7-m/nofp\libc_nano.a(libc_a-memset.o)
                              C:/ST/STM32CubeIDE_1.16.1/STM32CubeIDE/plugins/com.st.stm32cube.ide.mcu.externaltools.gnu-tools-for-stm32.12.3.rel1.win32_1.0.200.202406191623/tools/bin/../lib/gcc/arm-none-eabi/12.3.1/../../../../arm-none-eabi/lib/thumb/v7-m/nofp/crt0.o (memset)
C:/ST/STM32CubeIDE_1.16.1/STM32CubeIDE/plugins/com.st.stm32cube.ide.mcu.externaltools.gnu-tools-for-stm32.12.3.rel1.win32_1.0.200.202406191623/tools/bin/../lib/gcc/arm-none-eabi/12.3.1/../../../../arm-none-eabi/lib/thumb/v7-m/nofp\libc_nano.a(libc_a-closer.o)
                              C:/ST/STM32CubeIDE_1.16.1/STM32CubeIDE/plugins/com.st.stm32cube.ide.mcu.externaltools.gnu-tools-for-stm32.12.3.rel1.win32_1.0.200.202406191623/tools/bin/../lib/gcc/arm-none-eabi/12.3.1/../../../../arm-none-eabi/lib/thumb/v7-m/nofp\libc_nano.a(libc_a-stdio.o) (_close_r)
C:/ST/STM32CubeIDE_1.16.1/STM32CubeIDE/plugins/com.st.stm32cube.ide.mcu.externaltools.gnu-tools-for-stm32.12.3.rel1.win32_1.0.200.202406191623/tools/bin/../lib/gcc/arm-none-eabi/12.3.1/../../../../arm-none-eabi/lib/thumb/v7-m/nofp\libc_nano.a(libc_a-reent.o)
                              C:/ST/STM32CubeIDE_1.16.1/STM32CubeIDE/plugins/com.st.stm32cube.ide.mcu.externaltools.gnu-tools-for-stm32.12.3.rel1.win32_1.0.200.202406191623/tools/bin/../lib/gcc/arm-none-eabi/12.3.1/../../../../arm-none-eabi/lib/thumb/v7-m/nofp\libc_nano.a(libc_a-closer.o) (errno)
C:/ST/STM32CubeIDE_1.16.1/STM32CubeIDE/plugins/com.st.stm32cube.ide.mcu.externaltools.gnu-tools-for-stm32.12.3.rel1.win32_1.0.200.202406191623/tools/bin/../lib/gcc/arm-none-eabi/12.3.1/../../../../arm-none-eabi/lib/thumb/v7-m/nofp\libc_nano.a(libc_a-impure.o)
                              C:/ST/STM32CubeIDE_1.16.1/STM32CubeIDE/plugins/com.st.stm32cube.ide.mcu.externaltools.gnu-tools-for-stm32.12.3.rel1.win32_1.0.200.202406191623/tools/bin/../lib/gcc/arm-none-eabi/12.3.1/../../../../arm-none-eabi/lib/thumb/v7-m/nofp\libc_nano.a(libc_a-reent.o) (_impure_ptr)
C:/ST/STM32CubeIDE_1.16.1/STM32CubeIDE/plugins/com.st.stm32cube.ide.mcu.externaltools.gnu-tools-for-stm32.12.3.rel1.win32_1.0.200.202406191623/tools/bin/../lib/gcc/arm-none-eabi/12.3.1/../../../../arm-none-eabi/lib/thumb/v7-m/nofp\libc_nano.a(libc_a-lseekr.o)
[...]
Memory Configuration

Name             Origin             Length             Attributes
RAM              0x20000000         0x00005000         xrw
FLASH            0x08000000         0x00020000         xr
*default*        0x00000000         0xffffffff

Linker script and memory map

LOAD C:/ST/STM32CubeIDE_1.16.1/STM32CubeIDE/plugins/com.st.stm32cube.ide.mcu.externaltools.gnu-tools-for-stm32.12.3.rel1.win32_1.0.200.202406191623/tools/bin/../lib/gcc/arm-none-eabi/12.3.1/thumb/v7-m/nofp/crti.o
LOAD C:/ST/STM32CubeIDE_1.16.1/STM32CubeIDE/plugins/com.st.stm32cube.ide.mcu.externaltools.gnu-tools-for-stm32.12.3.rel1.win32_1.0.200.202406191623/tools/bin/../lib/gcc/arm-none-eabi/12.3.1/thumb/v7-m/nofp/crtbegin.o
LOAD C:/ST/STM32CubeIDE_1.16.1/STM32CubeIDE/plugins/com.st.stm32cube.ide.mcu.externaltools.gnu-tools-for-stm32.12.3.rel1.win32_1.0.200.202406191623/tools/bin/../lib/gcc/arm-none-eabi/12.3.1/../../../../arm-none-eabi/lib/thumb/v7-m/nofp/crt0.o
LOAD ./Core/Src/freertos.o
LOAD ./Core/Src/ina219.o
LOAD ./Core/Src/main.o
LOAD ./Core/Src/ntc.o
LOAD ./Core/Src/stm32f1xx_hal_msp.o
LOAD ./Core/Src/stm32f1xx_it.o
LOAD ./Core/Src/syscalls.o
LOAD ./Core/Src/sysmem.o
LOAD ./Core/Src/system_stm32f1xx.o
LOAD ./Core/Startup/startup_stm32f103rbtx.o
LOAD ./Drivers/STM32F1xx_HAL_Driver/Src/stm32f1xx_hal.o
LOAD ./Drivers/STM32F1xx_HAL_Driver/Src/stm32f1xx_hal_adc.o
LOAD ./Drivers/STM32F1xx_HAL_Driver/Src/stm32f1xx_hal_adc_ex.o
LOAD ./Drivers/STM32F1xx_HAL_Driver/Src/stm32f1xx_hal_can.o
LOAD ./Drivers/STM32F1xx_HAL_Driver/Src/stm32f1xx_hal_cortex.o
LOAD ./Drivers/STM32F1xx_HAL_Driver/Src/stm32f1xx_hal_dma.o
LOAD ./Drivers/STM32F1xx_HAL_Driver/Src/stm32f1xx_hal_exti.o
LOAD ./Drivers/STM32F1xx_HAL_Driver/Src/stm32f1xx_hal_flash.o
LOAD ./Drivers/STM32F1xx_HAL_Driver/Src/stm32f1xx_hal_flash_ex.o
LOAD ./Drivers/STM32F1xx_HAL_Driver/Src/stm32f1xx_hal_gpio.o
LOAD ./Drivers/STM32F1xx_HAL_Driver/Src/stm32f1xx_hal_gpio_ex.o
LOAD ./Drivers/STM32F1xx_HAL_Driver/Src/stm32f1xx_hal_i2c.o
LOAD ./Drivers/STM32F1xx_HAL_Driver/Src/stm32f1xx_hal_pwr.o
LOAD ./Drivers/STM32F1xx_HAL_Driver/Src/stm32f1xx_hal_rcc.o
LOAD ./Drivers/STM32F1xx_HAL_Driver/Src/stm32f1xx_hal_rcc_ex.o
LOAD ./Drivers/STM32F1xx_HAL_Driver/Src/stm32f1xx_hal_tim.o
LOAD ./Drivers/STM32F1xx_HAL_Driver/Src/stm32f1xx_hal_tim_ex.o
LOAD ./Middlewares/Third_Party/FreeRTOS/Source/CMSIS_RTOS/cmsis_os.o
LOAD ./Middlewares/Third_Party/FreeRTOS/Source/croutine.o
LOAD ./Middlewares/Third_Party/FreeRTOS/Source/event_groups.o
LOAD ./Middlewares/Third_Party/FreeRTOS/Source/list.o
LOAD ./Middlewares/Third_Party/FreeRTOS/Source/queue.o
LOAD ./Middlewares/Third_Party/FreeRTOS/Source/stream_buffer.o
LOAD ./Middlewares/Third_Party/FreeRTOS/Source/tasks.o
LOAD ./Middlewares/Third_Party/FreeRTOS/Source/timers.o
LOAD ./Middlewares/Third_Party/FreeRTOS/Source/portable/GCC/ARM_CM3/port.o
LOAD ./Middlewares/Third_Party/FreeRTOS/Source/portable/MemMang/heap_4.o
START GROUP
LOAD C:/ST/STM32CubeIDE_1.16.1/STM32CubeIDE/plugins/com.st.stm32cube.ide.mcu.externaltools.gnu-tools-for-stm32.12.3.rel1.win32_1.0.200.202406191623/tools/bin/../lib/gcc/arm-none-eabi/12.3.1/../../../../arm-none-eabi/lib/thumb/v7-m/nofp\libc_nano.a
LOAD C:/ST/STM32CubeIDE_1.16.1/STM32CubeIDE/plugins/com.st.stm32cube.ide.mcu.externaltools.gnu-tools-for-stm32.12.3.rel1.win32_1.0.200.202406191623/tools/bin/../lib/gcc/arm-none-eabi/12.3.1/../../../../arm-none-eabi/lib/thumb/v7-m/nofp\libm.a
END GROUP
START GROUP
LOAD C:/ST/STM32CubeIDE_1.16.1/STM32CubeIDE/plugins/com.st.stm32cube.ide.mcu.externaltools.gnu-tools-for-stm32.12.3.rel1.win32_1.0.200.202406191623/tools/bin/../lib/gcc/arm-none-eabi/12.3.1/thumb/v7-m/nofp\libgcc.a
LOAD C:/ST/STM32CubeIDE_1.16.1/STM32CubeIDE/plugins/com.st.stm32cube.ide.mcu.externaltools.gnu-tools-for-stm32.12.3.rel1.win32_1.0.200.202406191623/tools/bin/../lib/gcc/arm-none-eabi/12.3.1/../../../../arm-none-eabi/lib/thumb/v7-m/nofp\libc_nano.a
END GROUP
START GROUP
LOAD C:/ST/STM32CubeIDE_1.16.1/STM32CubeIDE/plugins/com.st.stm32cube.ide.mcu.externaltools.gnu-tools-for-stm32.12.3.rel1.win32_1.0.200.202406191623/tools/bin/../lib/gcc/arm-none-eabi/12.3.1/thumb/v7-m/nofp\libgcc.a
LOAD C:/ST/STM32CubeIDE_1.16.1/STM32CubeIDE/plugins/com.st.stm32cube.ide.mcu.externaltools.gnu-tools-for-stm32.12.3.rel1.win32_1.0.200.202406191623/tools/bin/../lib/gcc/arm-none-eabi/12.3.1/../../../../arm-none-eabi/lib/thumb/v7-m/nofp\libc_nano.a
LOAD C:/ST/STM32CubeIDE_1.16.1/STM32CubeIDE/plugins/com.st.stm32cube.ide.mcu.externaltools.gnu-tools-for-stm32.12.3.rel1.win32_1.0.200.202406191623/tools/bin/../lib/gcc/arm-none-eabi/12.3.1/../../../../arm-none-eabi/lib/thumb/v7-m/nofp\libnosys.a
END GROUP
START GROUP
LOAD C:/ST/STM32CubeIDE_1.16.1/STM32CubeIDE/plugins/com.st.stm32cube.ide.mcu.externaltools.gnu-tools-for-stm32.12.3.rel1.win32_1.0.200.202406191623/tools/bin/../lib/gcc/arm-none-eabi/12.3.1/thumb/v7-m/nofp\libgcc.a
LOAD C:/ST/STM32CubeIDE_1.16.1/STM32CubeIDE/plugins/com.st.stm32cube.ide.mcu.externaltools.gnu-tools-for-stm32.12.3.rel1.win32_1.0.200.202406191623/tools/bin/../lib/gcc/arm-none-eabi/12.3.1/../../../../arm-none-eabi/lib/thumb/v7-m/nofp\libc_nano.a
LOAD C:/ST/STM32CubeIDE_1.16.1/STM32CubeIDE/plugins/com.st.stm32cube.ide.mcu.externaltools.gnu-tools-for-stm32.12.3.rel1.win32_1.0.200.202406191623/tools/bin/../lib/gcc/arm-none-eabi/12.3.1/../../../../arm-none-eabi/lib/thumb/v7-m/nofp\libnosys.a
END GROUP
LOAD C:/ST/STM32CubeIDE_1.16.1/STM32CubeIDE/plugins/com.st.stm32cube.ide.mcu.externaltools.gnu-tools-for-stm32.12.3.rel1.win32_1.0.200.202406191623/tools/bin/../lib/gcc/arm-none-eabi/12.3.1/thumb/v7-m/nofp/crtend.o
LOAD C:/ST/STM32CubeIDE_1.16.1/STM32CubeIDE/plugins/com.st.stm32cube.ide.mcu.externaltools.gnu-tools-for-stm32.12.3.rel1.win32_1.0.200.202406191623/tools/bin/../lib/gcc/arm-none-eabi/12.3.1/thumb/v7-m/nofp/crtn.o
                0x20005000                        _estack = (ORIGIN (RAM) + LENGTH (RAM))
                0x00000200                        _Min_Heap_Size = 0x200
                0x00000400                        _Min_Stack_Size = 0x400

.isr_vector     0x08000000      0x10c
                0x08000000                        . = ALIGN (0x4)
 *(.isr_vector)
 .isr_vector    0x08000000      0x10c ./Core/Startup/startup_stm32f103rbtx.o
                0x08000000                g_pfnVectors
                0x0800010c                        . = ALIGN (0x4)

.text           0x08000110     0x7144
                0x08000110                        . = ALIGN (0x4)
 *(.text)
 .text          0x08000110       0x40 C:/ST/STM32CubeIDE_1.16.1/STM32CubeIDE/plugins/com.st.stm32cube.ide.mcu.externaltools.gnu-tools-for-stm32.12.3.rel1.win32_1.0.200.202406191623/tools/bin/../lib/gcc/arm-none-eabi/12.3.1/thumb/v7-m/nofp/crtbegin.o
 .text          0x08000150      0x21c C:/ST/STM32CubeIDE_1.16.1/STM32CubeIDE/plugins/com.st.stm32cube.ide.mcu.externaltools.gnu-tools-for-stm32.12.3.rel1.win32_1.0.200.202406191623/tools/bin/../lib/gcc/arm-none-eabi/12.3.1/thumb/v7-m/nofp\libgcc.a(_arm_addsubsf3.o)
                0x08000150                __aeabi_frsub
                0x08000158                __subsf3
                0x08000158                __aeabi_fsub
                0x0800015c                __aeabi_fadd
                0x0800015c                __addsf3
                0x080002bc                __aeabi_ui2f
                0x080002bc                __floatunsisf
                0x080002c4                __aeabi_i2f
                0x080002c4                __floatsisf
                0x080002e0                __aeabi_ul2f
                0x080002e0                __floatundisf
                0x080002f0                __aeabi_l2f
                0x080002f0                __floatdisf
 .text          0x0800036c      0x2a0 C:/ST/STM32CubeIDE_1.16.1/STM32CubeIDE/plugins/com.st.stm32cube.ide.mcu.externaltools.gnu-tools-for-stm32.12.3.rel1.win32_1.0.200.202406191623/tools/bin/../lib/gcc/arm-none-eabi/12.3.1/thumb/v7-m/nofp\libgcc.a(_arm_muldivsf3.o)
                0x0800036c                __mulsf3
                0x0800036c                __aeabi_fmul
                0x080004d4                __aeabi_fdiv
                0x080004d4                __divsf3
 .text          0x0800060c       0xec C:/ST/STM32CubeIDE_1.16.1/STM32CubeIDE/plugins/com.st.stm32cube.ide.mcu.externaltools.gnu-tools-for-stm32.12.3.rel1.win32_1.0.200.202406191623/tools/bin/../lib/gcc/arm-none-eabi/12.3.1/thumb/v7-m/nofp\libgcc.a(_arm_cmpsf2.o)
                0x0800060c                __gesf2
                0x0800060c                __gtsf2
                0x08000614                __lesf2
                0x08000614                __ltsf2
                0x0800061c                __nesf2
                0x0800061c                __eqsf2
                0x0800061c                __cmpsf2
                0x0800067c                __aeabi_cfrcmple
                0x08000684                __aeabi_cfcmpeq
                0x08000684                __aeabi_cfcmple
                0x08000694                __aeabi_fcmpeq
                0x080006a8                __aeabi_fcmplt
                0x080006bc                __aeabi_fcmple
                0x080006d0                __aeabi_fcmpge
                0x080006e4                __aeabi_fcmpgt
 .text          0x080006f8       0x2c C:/ST/STM32CubeIDE_1.16.1/STM32CubeIDE/plugins/com.st.stm32cube.ide.mcu.externaltools.gnu-tools-for-stm32.12.3.rel1.win32_1.0.200.202406191623/tools/bin/../lib/gcc/arm-none-eabi/12.3.1/thumb/v7-m/nofp\libgcc.a(_arm_unordsf2.o)
                0x080006f8                __unordsf2
                0x080006f8                __aeabi_fcmpun
 .text          0x08000724       0x4c C:/ST/STM32CubeIDE_1.16.1/STM32CubeIDE/plugins/com.st.stm32cube.ide.mcu.externaltools.gnu-tools-for-stm32.12.3.rel1.win32_1.0.200.202406191623/tools/bin/../lib/gcc/arm-none-eabi/12.3.1/thumb/v7-m/nofp\libgcc.a(_arm_fixsfsi.o)
                0x08000724                __aeabi_f2iz
                0x08000724                __fixsfsi
 *(.text*)
 .text.vApplicationGetIdleTaskMemory
                0x08000770       0x30 ./Core/Src/freertos.o
                0x08000770                vApplicationGetIdleTaskMemory
 .text.INA219_Init
                0x080007a0       0x32 ./Core/Src/ina219.o
                0x080007a0                INA219_Init
 *fill*         0x080007d2        0x2 
 .text.INA219_ReadVoltage
                0x080007d4       0x58 ./Core/Src/ina219.o
                0x080007d4                INA219_ReadVoltage
 .text.INA219_ReadCurrent
                0x0800082c       0x54 ./Core/Src/ina219.o
                0x0800082c                INA219_ReadCurrent
 .text.INA219_ReadPower
                0x08000880       0x54 ./Core/Src/ina219.o
                0x08000880                INA219_ReadPower
 .text.main     0x080008d4      0x148 ./Core/Src/main.o
                0x080008d4                main
 .text.SystemClock_Config
                0x08000a1c       0xb6 ./Core/Src/main.o
                0x08000a1c                SystemClock_Config
 *fill*         0x08000ad2        0x2 
 .text.MX_ADC1_Init
                0x08000ad4       0x7c ./Core/Src/main.o
 .text.MX_CAN_Init
                0x08000b50       0x6c ./Core/Src/main.o
 .text.MX_I2C1_Init
                0x08000bbc       0x5c ./Core/Src/main.o
 .text.MX_TIM2_Init
                0x08000c18       0xb0 ./Core/Src/main.o
 .text.MX_TIM3_Init
                0x08000cc8       0xa8 ./Core/Src/main.o
 .text.MX_GPIO_Init
                0x08000d70       0xd4 ./Core/Src/main.o
 .text.SensorTask
                0x08000e44      0x110 ./Core/Src/main.o
                0x08000e44                SensorTask
 .text.FaultTask
                0x08000f54       0x10 ./Core/Src/main.o
                0x08000f54                FaultTask
 .text.CANTask  0x08000f64      0x158 ./Core/Src/main.o
                0x08000f64                CANTask
 .text.MotorTask
                0x080010bc       0x64 ./Core/Src/main.o
                0x080010bc                MotorTask
 .text.Error_Handler
                0x08001120        0xc ./Core/Src/main.o
                0x08001120                Error_Handler
 .text.NTC_ReadTemperature
                0x0800112c       0xc0 ./Core/Src/ntc.o
                0x0800112c                NTC_ReadTemperature
 .text.HAL_MspInit
                0x080011ec       0x70 ./Core/Src/stm32f1xx_hal_msp.o
                0x080011ec                HAL_MspInit
 .text.HAL_ADC_MspInit
                0x0800125c       0x78 ./Core/Src/stm32f1xx_hal_msp.o
                0x0800125c                HAL_ADC_MspInit
 .text.HAL_CAN_MspInit
                0x080012d4       0x98 ./Core/Src/stm32f1xx_hal_msp.o
                0x080012d4                HAL_CAN_MspInit
 .text.HAL_I2C_MspInit
                0x0800136c       0xa0 ./Core/Src/stm32f1xx_hal_msp.o
                0x0800136c                HAL_I2C_MspInit
 .text.HAL_TIM_PWM_MspInit
                0x0800140c       0x38 ./Core/Src/stm32f1xx_hal_msp.o
                0x0800140c                HAL_TIM_PWM_MspInit
 .text.HAL_TIM_Encoder_MspInit
                0x08001444       0x7c ./Core/Src/stm32f1xx_hal_msp.o
                0x08001444                HAL_TIM_Encoder_MspInit
 .text.HAL_TIM_MspPostInit
                0x080014c0       0x8c ./Core/Src/stm32f1xx_hal_msp.o
                0x080014c0                HAL_TIM_MspPostInit
 .text.NMI_Handler
                0x0800154c        0x8 ./Core/Src/stm32f1xx_it.o
                0x0800154c                NMI_Handler
 .text.HardFault_Handler
                0x08001554        0x8 ./Core/Src/stm32f1xx_it.o
                0x08001554                HardFault_Handler
 .text.MemManage_Handler
                0x0800155c        0x8 ./Core/Src/stm32f1xx_it.o
                0x0800155c                MemManage_Handler
 .text.BusFault_Handler
                0x08001564        0x8 ./Core/Src/stm32f1xx_it.o
                0x08001564                BusFault_Handler
 .text.UsageFault_Handler
                0x0800156c        0x8 ./Core/Src/stm32f1xx_it.o
                0x0800156c                UsageFault_Handler
 .text.DebugMon_Handler
                0x08001574        0xc ./Core/Src/stm32f1xx_it.o
                0x08001574                DebugMon_Handler
 .text.SysTick_Handler
                0x08001580       0x1a ./Core/Src/stm32f1xx_it.o
                0x08001580                SysTick_Handler
 .text.SystemInit
                0x0800159a        0xc ./Core/Src/system_stm32f1xx.o
                0x0800159a                SystemInit
 *fill*         0x080015a6        0x2 
 .text.Reset_Handler
                0x080015a8       0x48 ./Core/Startup/startup_stm32f103rbtx.o
                0x080015a8                Reset_Handler
 .text.Default_Handler
                0x080015f0        0x2 ./Core/Startup/startup_stm32f103rbtx.o
                0x080015f0                RTC_Alarm_IRQHandler
                0x080015f0                EXTI2_IRQHandler
                0x080015f0                TIM1_CC_IRQHandler
                0x080015f0                PVD_IRQHandler
                0x080015f0                EXTI3_IRQHandler
                0x080015f0                EXTI0_IRQHandler
                0x080015f0                I2C2_EV_IRQHandler
                0x080015f0                ADC1_2_IRQHandler
                0x080015f0                SPI1_IRQHandler
                0x080015f0                TAMPER_IRQHandler
                0x080015f0                DMA1_Channel4_IRQHandler
                0x080015f0                USART3_IRQHandler
                0x080015f0                RTC_IRQHandler
                0x080015f0                DMA1_Channel7_IRQHandler
                0x080015f0                CAN1_RX1_IRQHandler
                0x080015f0                TIM4_IRQHandler
                0x080015f0                I2C1_EV_IRQHandler
                0x080015f0                DMA1_Channel6_IRQHandler
                0x080015f0                TIM3_IRQHandler
                0x080015f0                RCC_IRQHandler
                0x080015f0                TIM1_TRG_COM_IRQHandler
                0x080015f0                DMA1_Channel1_IRQHandler
                0x080015f0                Default_Handler
                0x080015f0                EXTI15_10_IRQHandler
                0x080015f0                EXTI9_5_IRQHandler
                0x080015f0                SPI2_IRQHandler
                0x080015f0                DMA1_Channel5_IRQHandler
                0x080015f0                EXTI4_IRQHandler
                0x080015f0                USB_LP_CAN1_RX0_IRQHandler
                0x080015f0                USB_HP_CAN1_TX_IRQHandler
                0x080015f0                DMA1_Channel3_IRQHandler
                0x080015f0                TIM1_UP_IRQHandler
                0x080015f0                WWDG_IRQHandler
                0x080015f0                TIM2_IRQHandler
                0x080015f0                TIM1_BRK_IRQHandler
                0x080015f0                EXTI1_IRQHandler
                0x080015f0                USART2_IRQHandler
                0x080015f0                I2C2_ER_IRQHandler
                0x080015f0                DMA1_Channel2_IRQHandler
                0x080015f0                CAN1_SCE_IRQHandler
                0x080015f0                FLASH_IRQHandler
                0x080015f0                USART1_IRQHandler
                0x080015f0                I2C1_ER_IRQHandler
                0x080015f0                USBWakeUp_IRQHandler
 *fill*         0x080015f2        0x2 
 .text.HAL_Init
                0x080015f4       0x2c ./Drivers/STM32F1xx_HAL_Driver/Src/stm32f1xx_hal.o
                0x080015f4                HAL_Init
 .text.HAL_InitTick
                0x08001620       0x60 ./Drivers/STM32F1xx_HAL_Driver/Src/stm32f1xx_hal.o
                0x08001620                HAL_InitTick
 .text.HAL_IncTick
                0x08001680       0x24 ./Drivers/STM32F1xx_HAL_Driver/Src/stm32f1xx_hal.o
                0x08001680                HAL_IncTick
 .text.HAL_GetTick
                0x080016a4       0x14 ./Drivers/STM32F1xx_HAL_Driver/Src/stm32f1xx_hal.o
                0x080016a4                HAL_GetTick
 .text.HAL_ADC_Init
                0x080016b8      0x1b0 ./Drivers/STM32F1xx_HAL_Driver/Src/stm32f1xx_hal_adc.o
                0x080016b8                HAL_ADC_Init
 .text.HAL_ADC_Start
                0x08001868      0x15c ./Drivers/STM32F1xx_HAL_Driver/Src/stm32f1xx_hal_adc.o
                0x08001868                HAL_ADC_Start
 .text.HAL_ADC_PollForConversion
                0x080019c4      0x20c ./Drivers/STM32F1xx_HAL_Driver/Src/stm32f1xx_hal_adc.o
                0x080019c4                HAL_ADC_PollForConversion
 .text.HAL_ADC_GetValue
                0x08001bd0       0x18 ./Drivers/STM32F1xx_HAL_Driver/Src/stm32f1xx_hal_adc.o
                0x08001bd0                HAL_ADC_GetValue
 .text.HAL_ADC_ConfigChannel
                0x08001be8      0x1f0 ./Drivers/STM32F1xx_HAL_Driver/Src/stm32f1xx_hal_adc.o
                0x08001be8                HAL_ADC_ConfigChannel
 .text.ADC_Enable
                0x08001dd8       0xb4 ./Drivers/STM32F1xx_HAL_Driver/Src/stm32f1xx_hal_adc.o
                0x08001dd8                ADC_Enable
 .text.ADC_ConversionStop_Disable
                0x08001e8c       0x82 ./Drivers/STM32F1xx_HAL_Driver/Src/stm32f1xx_hal_adc.o
                0x08001e8c                ADC_ConversionStop_Disable
 .text.HAL_CAN_Init
                0x08001f0e      0x1f6 ./Drivers/STM32F1xx_HAL_Driver/Src/stm32f1xx_hal_can.o
                0x08001f0e                HAL_CAN_Init
 .text.HAL_CAN_ConfigFilter
                0x08002104      0x192 ./Drivers/STM32F1xx_HAL_Driver/Src/stm32f1xx_hal_can.o
                0x08002104                HAL_CAN_ConfigFilter
 .text.HAL_CAN_Start
                0x08002296       0x88 ./Drivers/STM32F1xx_HAL_Driver/Src/stm32f1xx_hal_can.o
                0x08002296                HAL_CAN_Start
 .text.HAL_CAN_AddTxMessage
                0x0800231e      0x19e ./Drivers/STM32F1xx_HAL_Driver/Src/stm32f1xx_hal_can.o
                0x0800231e                HAL_CAN_AddTxMessage
 .text.__NVIC_SetPriorityGrouping
                0x080024bc       0x48 ./Drivers/STM32F1xx_HAL_Driver/Src/stm32f1xx_hal_cortex.o
 .text.__NVIC_GetPriorityGrouping
                0x08002504       0x1c ./Drivers/STM32F1xx_HAL_Driver/Src/stm32f1xx_hal_cortex.o
 .text.__NVIC_SetPriority
                0x08002520       0x54 ./Drivers/STM32F1xx_HAL_Driver/Src/stm32f1xx_hal_cortex.o
 .text.NVIC_EncodePriority
                0x08002574       0x64 ./Drivers/STM32F1xx_HAL_Driver/Src/stm32f1xx_hal_cortex.o
 .text.SysTick_Config
                0x080025d8       0x44 ./Drivers/STM32F1xx_HAL_Driver/Src/stm32f1xx_hal_cortex.o
 .text.HAL_NVIC_SetPriorityGrouping
                0x0800261c       0x16 ./Drivers/STM32F1xx_HAL_Driver/Src/stm32f1xx_hal_cortex.o
                0x0800261c                HAL_NVIC_SetPriorityGrouping
 .text.HAL_NVIC_SetPriority
                0x08002632       0x38 ./Drivers/STM32F1xx_HAL_Driver/Src/stm32f1xx_hal_cortex.o
                0x08002632                HAL_NVIC_SetPriority
 .text.HAL_SYSTICK_Config
                0x0800266a       0x18 ./Drivers/STM32F1xx_HAL_Driver/Src/stm32f1xx_hal_cortex.o
                0x0800266a                HAL_SYSTICK_Config
 *fill*         0x08002682        0x2 
 .text.HAL_GPIO_Init
                0x08002684      0x308 ./Drivers/STM32F1xx_HAL_Driver/Src/stm32f1xx_hal_gpio.o
                0x08002684                HAL_GPIO_Init
 .text.HAL_GPIO_WritePin
                0x0800298c       0x30 ./Drivers/STM32F1xx_HAL_Driver/Src/stm32f1xx_hal_gpio.o
                0x0800298c                HAL_GPIO_WritePin
 .text.HAL_I2C_Init
                0x080029bc      0x288 ./Drivers/STM32F1xx_HAL_Driver/Src/stm32f1xx_hal_i2c.o
                0x080029bc                HAL_I2C_Init
 .text.HAL_I2C_Mem_Write
                0x08002c44      0x1f4 ./Drivers/STM32F1xx_HAL_Driver/Src/stm32f1xx_hal_i2c.o
                0x08002c44                HAL_I2C_Mem_Write
 .text.HAL_I2C_Mem_Read
                0x08002e38      0x4e8 ./Drivers/STM32F1xx_HAL_Driver/Src/stm32f1xx_hal_i2c.o
                0x08002e38                HAL_I2C_Mem_Read
 .text.I2C_RequestMemoryWrite
                0x08003320      0x12c ./Drivers/STM32F1xx_HAL_Driver/Src/stm32f1xx_hal_i2c.o
 .text.I2C_RequestMemoryRead
                0x0800344c      0x1d0 ./Drivers/STM32F1xx_HAL_Driver/Src/stm32f1xx_hal_i2c.o
 .text.I2C_WaitOnFlagUntilTimeout
                0x0800361c       0xf4 ./Drivers/STM32F1xx_HAL_Driver/Src/stm32f1xx_hal_i2c.o
 .text.I2C_WaitOnMasterAddressFlagUntilTimeout
                0x08003710      0x140 ./Drivers/STM32F1xx_HAL_Driver/Src/stm32f1xx_hal_i2c.o
 .text.I2C_WaitOnTXEFlagUntilTimeout
                0x08003850       0x90 ./Drivers/STM32F1xx_HAL_Driver/Src/stm32f1xx_hal_i2c.o
 .text.I2C_WaitOnBTFFlagUntilTimeout
                0x080038e0       0x90 ./Drivers/STM32F1xx_HAL_Driver/Src/stm32f1xx_hal_i2c.o
 .text.I2C_WaitOnRXNEFlagUntilTimeout
                0x08003970       0xba ./Drivers/STM32F1xx_HAL_Driver/Src/stm32f1xx_hal_i2c.o
 .text.I2C_IsAcknowledgeFailed
                0x08003a2a       0x5c ./Drivers/STM32F1xx_HAL_Driver/Src/stm32f1xx_hal_i2c.o
 *fill*         0x08003a86        0x2 
 .text.HAL_RCC_OscConfig
                0x08003a88      0x504 ./Drivers/STM32F1xx_HAL_Driver/Src/stm32f1xx_hal_rcc.o
                0x08003a88                HAL_RCC_OscConfig
 .text.HAL_RCC_ClockConfig
                0x08003f8c      0x1d4 ./Drivers/STM32F1xx_HAL_Driver/Src/stm32f1xx_hal_rcc.o
                0x08003f8c                HAL_RCC_ClockConfig
 .text.HAL_RCC_GetSysClockFreq
                0x08004160       0xa8 ./Drivers/STM32F1xx_HAL_Driver/Src/stm32f1xx_hal_rcc.o
                0x08004160                HAL_RCC_GetSysClockFreq
 .text.HAL_RCC_GetHCLKFreq
                0x08004208       0x14 ./Drivers/STM32F1xx_HAL_Driver/Src/stm32f1xx_hal_rcc.o
                0x08004208                HAL_RCC_GetHCLKFreq
 .text.HAL_RCC_GetPCLK1Freq
                0x0800421c       0x28 ./Drivers/STM32F1xx_HAL_Driver/Src/stm32f1xx_hal_rcc.o
                0x0800421c                HAL_RCC_GetPCLK1Freq
 .text.HAL_RCC_GetPCLK2Freq
                0x08004244       0x28 ./Drivers/STM32F1xx_HAL_Driver/Src/stm32f1xx_hal_rcc.o
                0x08004244                HAL_RCC_GetPCLK2Freq
 .text.RCC_Delay
                0x0800426c       0x3c ./Drivers/STM32F1xx_HAL_Driver/Src/stm32f1xx_hal_rcc.o
 .text.HAL_RCCEx_PeriphCLKConfig
                0x080042a8      0x16c ./Drivers/STM32F1xx_HAL_Driver/Src/stm32f1xx_hal_rcc_ex.o
                0x080042a8                HAL_RCCEx_PeriphCLKConfig
 .text.HAL_RCCEx_GetPeriphCLKFreq
                0x08004414      0x16c ./Drivers/STM32F1xx_HAL_Driver/Src/stm32f1xx_hal_rcc_ex.o
                0x08004414                HAL_RCCEx_GetPeriphCLKFreq
 .text.HAL_TIM_PWM_Init
                0x08004580       0x9e ./Drivers/STM32F1xx_HAL_Driver/Src/stm32f1xx_hal_tim.o
                0x08004580                HAL_TIM_PWM_Init
 *fill*         0x0800461e        0x2 
 .text.HAL_TIM_PWM_Start
                0x08004620      0x144 ./Drivers/STM32F1xx_HAL_Driver/Src/stm32f1xx_hal_tim.o
                0x08004620                HAL_TIM_PWM_Start
 .text.HAL_TIM_Encoder_Init
                0x08004764      0x144 ./Drivers/STM32F1xx_HAL_Driver/Src/stm32f1xx_hal_tim.o
                0x08004764                HAL_TIM_Encoder_Init
 .text.HAL_TIM_Encoder_Start
                0x080048a8      0x11c ./Drivers/STM32F1xx_HAL_Driver/Src/stm32f1xx_hal_tim.o
                0x080048a8                HAL_TIM_Encoder_Start
 .text.HAL_TIM_PWM_ConfigChannel
                0x080049c4      0x184 ./Drivers/STM32F1xx_HAL_Driver/Src/stm32f1xx_hal_tim.o
                0x080049c4                HAL_TIM_PWM_ConfigChannel
 .text.TIM_Base_SetConfig
                0x08004b48       0xdc ./Drivers/STM32F1xx_HAL_Driver/Src/stm32f1xx_hal_tim.o
                0x08004b48                TIM_Base_SetConfig
 .text.TIM_OC1_SetConfig
                0x08004c24       0xcc ./Drivers/STM32F1xx_HAL_Driver/Src/stm32f1xx_hal_tim.o
 .text.TIM_OC2_SetConfig
                0x08004cf0       0xd4 ./Drivers/STM32F1xx_HAL_Driver/Src/stm32f1xx_hal_tim.o
                0x08004cf0                TIM_OC2_SetConfig
 .text.TIM_OC3_SetConfig
                0x08004dc4       0xd4 ./Drivers/STM32F1xx_HAL_Driver/Src/stm32f1xx_hal_tim.o
 .text.TIM_OC4_SetConfig
                0x08004e98       0x9c ./Drivers/STM32F1xx_HAL_Driver/Src/stm32f1xx_hal_tim.o
 .text.TIM_CCxChannelCmd
                0x08004f34       0x48 ./Drivers/STM32F1xx_HAL_Driver/Src/stm32f1xx_hal_tim.o
                0x08004f34                TIM_CCxChannelCmd
 .text.HAL_TIMEx_MasterConfigSynchronization
                0x08004f7c       0xbc ./Drivers/STM32F1xx_HAL_Driver/Src/stm32f1xx_hal_tim_ex.o
                0x08004f7c                HAL_TIMEx_MasterConfigSynchronization
 .text.makeFreeRtosPriority
                0x08005038       0x2e ./Middlewares/Third_Party/FreeRTOS/Source/CMSIS_RTOS/cmsis_os.o
 .text.osKernelStart
                0x08005066        0xe ./Middlewares/Third_Party/FreeRTOS/Source/CMSIS_RTOS/cmsis_os.o
                0x08005066                osKernelStart
 .text.osThreadCreate
                0x08005074       0x98 ./Middlewares/Third_Party/FreeRTOS/Source/CMSIS_RTOS/cmsis_os.o
                0x08005074                osThreadCreate
 .text.osDelay  0x0800510c       0x28 ./Middlewares/Third_Party/FreeRTOS/Source/CMSIS_RTOS/cmsis_os.o
                0x0800510c                osDelay
 .text.vListInitialise
                0x08005134       0x3e ./Middlewares/Third_Party/FreeRTOS/Source/list.o
                0x08005134                vListInitialise
 .text.vListInitialiseItem
                0x08005172       0x18 ./Middlewares/Third_Party/FreeRTOS/Source/list.o
                0x08005172                vListInitialiseItem
 .text.vListInsertEnd
                0x0800518a       0x46 ./Middlewares/Third_Party/FreeRTOS/Source/list.o
                0x0800518a                vListInsertEnd
 .text.vListInsert
                0x080051d0       0x70 ./Middlewares/Third_Party/FreeRTOS/Source/list.o
                0x080051d0                vListInsert
 .text.uxListRemove
                0x08005240       0x52 ./Middlewares/Third_Party/FreeRTOS/Source/list.o
                0x08005240                uxListRemove
 *fill*         0x08005292        0x2 
 .text.xQueueGenericReset
                0x08005294       0xd4 ./Middlewares/Third_Party/FreeRTOS/Source/queue.o
                0x08005294                xQueueGenericReset
 .text.xQueueGenericCreate
                0x08005368       0x76 ./Middlewares/Third_Party/FreeRTOS/Source/queue.o
                0x08005368                xQueueGenericCreate
 .text.prvInitialiseNewQueue
                0x080053de       0x3e ./Middlewares/Third_Party/FreeRTOS/Source/queue.o
 .text.xQueueGenericSend
                0x0800541c      0x204 ./Middlewares/Third_Party/FreeRTOS/Source/queue.o
                0x0800541c                xQueueGenericSend
 .text.xQueueReceive
                0x08005620      0x1c4 ./Middlewares/Third_Party/FreeRTOS/Source/queue.o
                0x08005620                xQueueReceive
 .text.prvCopyDataToQueue
                0x080057e4       0xd4 ./Middlewares/Third_Party/FreeRTOS/Source/queue.o
 .text.prvCopyDataFromQueue
                0x080058b8       0x4c ./Middlewares/Third_Party/FreeRTOS/Source/queue.o
 .text.prvUnlockQueue
                0x08005904       0xa4 ./Middlewares/Third_Party/FreeRTOS/Source/queue.o
 .text.prvIsQueueEmpty
                0x080059a8       0x2c ./Middlewares/Third_Party/FreeRTOS/Source/queue.o
 .text.prvIsQueueFull
                0x080059d4       0x30 ./Middlewares/Third_Party/FreeRTOS/Source/queue.o
 .text.xTaskCreateStatic
                0x08005a04       0xc0 ./Middlewares/Third_Party/FreeRTOS/Source/tasks.o
                0x08005a04                xTaskCreateStatic
 .text.xTaskCreate
                0x08005ac4       0x8a ./Middlewares/Third_Party/FreeRTOS/Source/tasks.o
                0x08005ac4                xTaskCreate
 .text.prvInitialiseNewTask
                0x08005b4e      0x110 ./Middlewares/Third_Party/FreeRTOS/Source/tasks.o
 *fill*         0x08005c5e        0x2 
 .text.prvAddNewTaskToReadyList
                0x08005c60       0xd4 ./Middlewares/Third_Party/FreeRTOS/Source/tasks.o
 .text.vTaskDelay
                0x08005d34       0x6c ./Middlewares/Third_Party/FreeRTOS/Source/tasks.o
                0x08005d34                vTaskDelay
 .text.vTaskStartScheduler
                0x08005da0       0xc4 ./Middlewares/Third_Party/FreeRTOS/Source/tasks.o
                0x08005da0                vTaskStartScheduler
 .text.vTaskSuspendAll
                0x08005e64       0x1c ./Middlewares/Third_Party/FreeRTOS/Source/tasks.o
                0x08005e64                vTaskSuspendAll
 .text.xTaskResumeAll
                0x08005e80      0x13c ./Middlewares/Third_Party/FreeRTOS/Source/tasks.o
                0x08005e80                xTaskResumeAll
 .text.xTaskIncrementTick
                0x08005fbc      0x174 ./Middlewares/Third_Party/FreeRTOS/Source/tasks.o
                0x08005fbc                xTaskIncrementTick
 .text.vTaskSwitchContext
                0x08006130       0xb8 ./Middlewares/Third_Party/FreeRTOS/Source/tasks.o
                0x08006130                vTaskSwitchContext
 .text.vTaskPlaceOnEventList
                0x080061e8       0x4c ./Middlewares/Third_Party/FreeRTOS/Source/tasks.o
                0x080061e8                vTaskPlaceOnEventList
 .text.xTaskRemoveFromEventList
                0x08006234       0xc8 ./Middlewares/Third_Party/FreeRTOS/Source/tasks.o
                0x08006234                xTaskRemoveFromEventList
 .text.vTaskInternalSetTimeOutState
                0x080062fc       0x2c ./Middlewares/Third_Party/FreeRTOS/Source/tasks.o
                0x080062fc                vTaskInternalSetTimeOutState
 .text.xTaskCheckForTimeOut
                0x08006328       0xc8 ./Middlewares/Third_Party/FreeRTOS/Source/tasks.o
                0x08006328                xTaskCheckForTimeOut
 .text.vTaskMissedYield
                0x080063f0       0x18 ./Middlewares/Third_Party/FreeRTOS/Source/tasks.o
                0x080063f0                vTaskMissedYield
 .text.prvIdleTask
                0x08006408       0x30 ./Middlewares/Third_Party/FreeRTOS/Source/tasks.o
 .text.prvInitialiseTaskLists
                0x08006438       0x80 ./Middlewares/Third_Party/FreeRTOS/Source/tasks.o
 .text.prvCheckTasksWaitingTermination
                0x080064b8       0x5c ./Middlewares/Third_Party/FreeRTOS/Source/tasks.o
 .text.prvDeleteTCB
                0x08006514       0x60 ./Middlewares/Third_Party/FreeRTOS/Source/tasks.o
 .text.prvResetNextTaskUnblockTime
                0x08006574       0x40 ./Middlewares/Third_Party/FreeRTOS/Source/tasks.o
 .text.xTaskGetSchedulerState
                0x080065b4       0x3c ./Middlewares/Third_Party/FreeRTOS/Source/tasks.o
                0x080065b4                xTaskGetSchedulerState
 .text.xTaskPriorityDisinherit
                0x080065f0      0x110 ./Middlewares/Third_Party/FreeRTOS/Source/tasks.o
                0x080065f0                xTaskPriorityDisinherit
 .text.prvAddCurrentTaskToDelayedList
                0x08006700       0xcc ./Middlewares/Third_Party/FreeRTOS/Source/tasks.o
 .text.pxPortInitialiseStack
                0x080067cc       0x58 ./Middlewares/Third_Party/FreeRTOS/Source/portable/GCC/ARM_CM3/port.o
                0x080067cc                pxPortInitialiseStack
 .text.prvTaskExitError
                0x08006824       0x58 ./Middlewares/Third_Party/FreeRTOS/Source/portable/GCC/ARM_CM3/port.o
 *fill*         0x0800687c        0x4 
 .text.SVC_Handler
                0x08006880       0x28 ./Middlewares/Third_Party/FreeRTOS/Source/portable/GCC/ARM_CM3/port.o
                0x08006880                SVC_Handler
 .text.prvPortStartFirstTask
                0x080068a8       0x20 ./Middlewares/Third_Party/FreeRTOS/Source/portable/GCC/ARM_CM3/port.o
 .text.xPortStartScheduler
                0x080068c8       0xe4 ./Middlewares/Third_Party/FreeRTOS/Source/portable/GCC/ARM_CM3/port.o
                0x080068c8                xPortStartScheduler
 .text.vPortEnterCritical
                0x080069ac       0x60 ./Middlewares/Third_Party/FreeRTOS/Source/portable/GCC/ARM_CM3/port.o
                0x080069ac                vPortEnterCritical
 .text.vPortExitCritical
                0x08006a0c       0x54 ./Middlewares/Third_Party/FreeRTOS/Source/portable/GCC/ARM_CM3/port.o
                0x08006a0c                vPortExitCritical
 .text.PendSV_Handler
                0x08006a60       0x48 ./Middlewares/Third_Party/FreeRTOS/Source/portable/GCC/ARM_CM3/port.o
                0x08006a60                PendSV_Handler
 .text.xPortSysTickHandler
                0x08006aa8       0x44 ./Middlewares/Third_Party/FreeRTOS/Source/portable/GCC/ARM_CM3/port.o
                0x08006aa8                xPortSysTickHandler
 .text.vPortSetupTimerInterrupt
                0x08006aec       0x44 ./Middlewares/Third_Party/FreeRTOS/Source/portable/GCC/ARM_CM3/port.o
                0x08006aec                vPortSetupTimerInterrupt
 .text.pvPortMalloc
                0x08006b30      0x19c ./Middlewares/Third_Party/FreeRTOS/Source/portable/MemMang/heap_4.o
                0x08006b30                pvPortMalloc
 .text.vPortFree
                0x08006ccc       0xc8 ./Middlewares/Third_Party/FreeRTOS/Source/portable/MemMang/heap_4.o
                0x08006ccc                vPortFree
 .text.prvHeapInit
                0x08006d94       0xc4 ./Middlewares/Third_Party/FreeRTOS/Source/portable/MemMang/heap_4.o
 .text.prvInsertBlockIntoFreeList
                0x08006e58       0xb0 ./Middlewares/Third_Party/FreeRTOS/Source/portable/MemMang/heap_4.o
 .text.memset   0x08006f08       0x10 C:/ST/STM32CubeIDE_1.16.1/STM32CubeIDE/plugins/com.st.stm32cube.ide.mcu.externaltools.gnu-tools-for-stm32.12.3.rel1.win32_1.0.200.202406191623/tools/bin/../lib/gcc/arm-none-eabi/12.3.1/../../../../arm-none-eabi/lib/thumb/v7-m/nofp\libc_nano.a(libc_a-memset.o)
                0x08006f08                memset
 .text.__errno  0x08006f18        0xc C:/ST/STM32CubeIDE_1.16.1/STM32CubeIDE/plugins/com.st.stm32cube.ide.mcu.externaltools.gnu-tools-for-stm32.12.3.rel1.win32_1.0.200.202406191623/tools/bin/../lib/gcc/arm-none-eabi/12.3.1/../../../../arm-none-eabi/lib/thumb/v7-m/nofp\libc_nano.a(libc_a-errno.o)
                0x08006f18                __errno
 .text.__libc_init_array
                0x08006f24       0x48 C:/ST/STM32CubeIDE_1.16.1/STM32CubeIDE/plugins/com.st.stm32cube.ide.mcu.externaltools.gnu-tools-for-stm32.12.3.rel1.win32_1.0.200.202406191623/tools/bin/../lib/gcc/arm-none-eabi/12.3.1/../../../../arm-none-eabi/lib/thumb/v7-m/nofp\libc_nano.a(libc_a-init.o)
                0x08006f24                __libc_init_array
 .text.memcpy   0x08006f6c       0x1c C:/ST/STM32CubeIDE_1.16.1/STM32CubeIDE/plugins/com.st.stm32cube.ide.mcu.externaltools.gnu-tools-for-stm32.12.3.rel1.win32_1.0.200.202406191623/tools/bin/../lib/gcc/arm-none-eabi/12.3.1/../../../../arm-none-eabi/lib/thumb/v7-m/nofp\libc_nano.a(libc_a-memcpy-stub.o)
                0x08006f6c                memcpy
 .text.logf     0x08006f88       0x50 C:/ST/STM32CubeIDE_1.16.1/STM32CubeIDE/plugins/com.st.stm32cube.ide.mcu.externaltools.gnu-tools-for-stm32.12.3.rel1.win32_1.0.200.202406191623/tools/bin/../lib/gcc/arm-none-eabi/12.3.1/../../../../arm-none-eabi/lib/thumb/v7-m/nofp\libm.a(libm_a-wf_log.o)
                0x08006f88                logf
 .text.nanf     0x08006fd8        0x8 C:/ST/STM32CubeIDE_1.16.1/STM32CubeIDE/plugins/com.st.stm32cube.ide.mcu.externaltools.gnu-tools-for-stm32.12.3.rel1.win32_1.0.200.202406191623/tools/bin/../lib/gcc/arm-none-eabi/12.3.1/../../../../arm-none-eabi/lib/thumb/v7-m/nofp\libm.a(libm_a-sf_nan.o)
                0x08006fd8                nanf
 .text.__ieee754_logf
                0x08006fe0      0x25c C:/ST/STM32CubeIDE_1.16.1/STM32CubeIDE/plugins/com.st.stm32cube.ide.mcu.externaltools.gnu-tools-for-stm32.12.3.rel1.win32_1.0.200.202406191623/tools/bin/../lib/gcc/arm-none-eabi/12.3.1/../../../../arm-none-eabi/lib/thumb/v7-m/nofp\libm.a(libm_a-ef_log.o)
                0x08006fe0                __ieee754_logf
 *(.glue_7)
 .glue_7        0x0800723c        0x0 linker stubs
 *(.glue_7t)
 .glue_7t       0x0800723c        0x0 linker stubs
 *(.eh_frame)
 .eh_frame      0x0800723c        0x0 C:/ST/STM32CubeIDE_1.16.1/STM32CubeIDE/plugins/com.st.stm32cube.ide.mcu.externaltools.gnu-tools-for-stm32.12.3.rel1.win32_1.0.200.202406191623/tools/bin/../lib/gcc/arm-none-eabi/12.3.1/thumb/v7-m/nofp/crtbegin.o
 *(.init)
 .init          0x0800723c        0x4 C:/ST/STM32CubeIDE_1.16.1/STM32CubeIDE/plugins/com.st.stm32cube.ide.mcu.externaltools.gnu-tools-for-stm32.12.3.rel1.win32_1.0.200.202406191623/tools/bin/../lib/gcc/arm-none-eabi/12.3.1/thumb/v7-m/nofp/crti.o
                0x0800723c                _init
 .init          0x08007240        0x8 C:/ST/STM32CubeIDE_1.16.1/STM32CubeIDE/plugins/com.st.stm32cube.ide.mcu.externaltools.gnu-tools-for-stm32.12.3.rel1.win32_1.0.200.202406191623/tools/bin/../lib/gcc/arm-none-eabi/12.3.1/thumb/v7-m/nofp/crtn.o
 *(.fini)
 .fini          0x08007248        0x4 C:/ST/STM32CubeIDE_1.16.1/STM32CubeIDE/plugins/com.st.stm32cube.ide.mcu.externaltools.gnu-tools-for-stm32.12.3.rel1.win32_1.0.200.202406191623/tools/bin/../lib/gcc/arm-none-eabi/12.3.1/thumb/v7-m/nofp/crti.o
                0x08007248                _fini
 .fini          0x0800724c        0x8 C:/ST/STM32CubeIDE_1.16.1/STM32CubeIDE/plugins/com.st.stm32cube.ide.mcu.externaltools.gnu-tools-for-stm32.12.3.rel1.win32_1.0.200.202406191623/tools/bin/../lib/gcc/arm-none-eabi/12.3.1/thumb/v7-m/nofp/crtn.o
                0x08007254                        . = ALIGN (0x4)
                0x08007254                        _etext = .

.vfp11_veneer   0x08007254        0x0
 .vfp11_veneer  0x08007254        0x0 linker stubs

.v4_bx          0x08007254        0x0
 .v4_bx         0x08007254        0x0 linker stubs

.iplt           0x08007254        0x0
 .iplt          0x08007254        0x0 C:/ST/STM32CubeIDE_1.16.1/STM32CubeIDE/plugins/com.st.stm32cube.ide.mcu.externaltools.gnu-tools-for-stm32.12.3.rel1.win32_1.0.200.202406191623/tools/bin/../lib/gcc/arm-none-eabi/12.3.1/thumb/v7-m/nofp/crtbegin.o

.rodata         0x08007254       0xe4
                0x08007254                        . = ALIGN (0x4)
 *(.rodata)
 .rodata        0x08007254       0x9c ./Core/Src/main.o
 .rodata        0x080072f0        0x5 ./Middlewares/Third_Party/FreeRTOS/Source/tasks.o
 *(.rodata*)
 *fill*         0x080072f5        0x3 
 .rodata.AHBPrescTable
                0x080072f8       0x10 ./Core/Src/system_stm32f1xx.o
                0x080072f8                AHBPrescTable
 .rodata.APBPrescTable
                0x08007308        0x8 ./Core/Src/system_stm32f1xx.o
                0x08007308                APBPrescTable
 .rodata.aPLLMULFactorTable.1
                0x08007310       0x10 ./Drivers/STM32F1xx_HAL_Driver/Src/stm32f1xx_hal_rcc.o
 .rodata.aPredivFactorTable.0
                0x08007320        0x2 ./Drivers/STM32F1xx_HAL_Driver/Src/stm32f1xx_hal_rcc.o
 *fill*         0x08007322        0x2 
 .rodata.aPLLMULFactorTable.1
                0x08007324       0x10 ./Drivers/STM32F1xx_HAL_Driver/Src/stm32f1xx_hal_rcc_ex.o
 .rodata.aPredivFactorTable.0
                0x08007334        0x2 ./Drivers/STM32F1xx_HAL_Driver/Src/stm32f1xx_hal_rcc_ex.o
 .rodata.logf.str1.1
                0x08007336        0x1 C:/ST/STM32CubeIDE_1.16.1/STM32CubeIDE/plugins/com.st.stm32cube.ide.mcu.externaltools.gnu-tools-for-stm32.12.3.rel1.win32_1.0.200.202406191623/tools/bin/../lib/gcc/arm-none-eabi/12.3.1/../../../../arm-none-eabi/lib/thumb/v7-m/nofp\libm.a(libm_a-wf_log.o)
                0x08007338                        . = ALIGN (0x4)
 *fill*         0x08007337        0x1 

.ARM.extab      0x08007338        0x0
                0x08007338                        . = ALIGN (0x4)
 *(.ARM.extab* .gnu.linkonce.armextab.*)
                0x08007338                        . = ALIGN (0x4)

.ARM            0x08007338        0x0
                0x08007338                        . = ALIGN (0x4)
                0x08007338                        __exidx_start = .
 *(.ARM.exidx*)
                0x08007338                        __exidx_end = .
                0x08007338                        . = ALIGN (0x4)

.preinit_array  0x08007338        0x0
                0x08007338                        . = ALIGN (0x4)
                0x08007338                        PROVIDE (__preinit_array_start = .)
 *(.preinit_array*)
                0x08007338                        PROVIDE (__preinit_array_end = .)
                0x08007338                        . = ALIGN (0x4)

.init_array     0x08007338        0x4
                0x08007338                        . = ALIGN (0x4)
                0x08007338                        PROVIDE (__init_array_start = .)
 *(SORT_BY_NAME(.init_array.*))
 *(.init_array*)
 .init_array    0x08007338        0x4 C:/ST/STM32CubeIDE_1.16.1/STM32CubeIDE/plugins/com.st.stm32cube.ide.mcu.externaltools.gnu-tools-for-stm32.12.3.rel1.win32_1.0.200.202406191623/tools/bin/../lib/gcc/arm-none-eabi/12.3.1/thumb/v7-m/nofp/crtbegin.o
                0x0800733c                        PROVIDE (__init_array_end = .)
                0x0800733c                        . = ALIGN (0x4)

.fini_array     0x0800733c        0x4
                0x0800733c                        . = ALIGN (0x4)
                [!provide]                        PROVIDE (__fini_array_start = .)
 *(SORT_BY_NAME(.fini_array.*))
 *(.fini_array*)
 .fini_array    0x0800733c        0x4 C:/ST/STM32CubeIDE_1.16.1/STM32CubeIDE/plugins/com.st.stm32cube.ide.mcu.externaltools.gnu-tools-for-stm32.12.3.rel1.win32_1.0.200.202406191623/tools/bin/../lib/gcc/arm-none-eabi/12.3.1/thumb/v7-m/nofp/crtbegin.o
                [!provide]                        PROVIDE (__fini_array_end = .)
                0x08007340                        . = ALIGN (0x4)
                0x08007340                        _sidata = LOADADDR (.data)

.rel.dyn        0x08007340        0x0
 .rel.iplt      0x08007340        0x0 C:/ST/STM32CubeIDE_1.16.1/STM32CubeIDE/plugins/com.st.stm32cube.ide.mcu.externaltools.gnu-tools-for-stm32.12.3.rel1.win32_1.0.200.202406191623/tools/bin/../lib/gcc/arm-none-eabi/12.3.1/thumb/v7-m/nofp/crtbegin.o

.data           0x20000000       0x60 load address 0x08007340
                0x20000000                        . = ALIGN (0x4)
                0x20000000                        _sdata = .
 *(.data)
 *(.data*)
 .data.SystemCoreClock
                0x20000000        0x4 ./Core/Src/system_stm32f1xx.o
                0x20000000                SystemCoreClock
 .data.uwTickPrio
                0x20000004        0x4 ./Drivers/STM32F1xx_HAL_Driver/Src/stm32f1xx_hal.o
                0x20000004                uwTickPrio
 .data.uwTickFreq
                0x20000008        0x1 ./Drivers/STM32F1xx_HAL_Driver/Src/stm32f1xx_hal.o
                0x20000008                uwTickFreq
 *fill*         0x20000009        0x3 
 .data.uxCriticalNesting
                0x2000000c        0x4 ./Middlewares/Third_Party/FreeRTOS/Source/portable/GCC/ARM_CM3/port.o
 .data._impure_ptr
                0x20000010        0x4 C:/ST/STM32CubeIDE_1.16.1/STM32CubeIDE/plugins/com.st.stm32cube.ide.mcu.externaltools.gnu-tools-for-stm32.12.3.rel1.win32_1.0.200.202406191623/tools/bin/../lib/gcc/arm-none-eabi/12.3.1/../../../../arm-none-eabi/lib/thumb/v7-m/nofp\libc_nano.a(libc_a-impure.o)
                0x20000010                _impure_ptr
 .data._impure_data
                0x20000014       0x4c C:/ST/STM32CubeIDE_1.16.1/STM32CubeIDE/plugins/com.st.stm32cube.ide.mcu.externaltools.gnu-tools-for-stm32.12.3.rel1.win32_1.0.200.202406191623/tools/bin/../lib/gcc/arm-none-eabi/12.3.1/../../../../arm-none-eabi/lib/thumb/v7-m/nofp\libc_nano.a(libc_a-impure.o)
                0x20000014                _impure_data
 *(.RamFunc)
 *(.RamFunc*)
                0x20000060                        . = ALIGN (0x4)
                0x20000060                        _edata = .

.igot.plt       0x20000060        0x0 load address 0x080073a0
 .igot.plt      0x20000060        0x0 C:/ST/STM32CubeIDE_1.16.1/STM32CubeIDE/plugins/com.st.stm32cube.ide.mcu.externaltools.gnu-tools-for-stm32.12.3.rel1.win32_1.0.200.202406191623/tools/bin/../lib/gcc/arm-none-eabi/12.3.1/thumb/v7-m/nofp/crtbegin.o
                0x20000060                        . = ALIGN (0x4)

.bss            0x20000060     0x1270 load address 0x080073a0
                0x20000060                        _sbss = .
                0x20000060                        __bss_start__ = _sbss
 *(.bss)
 .bss           0x20000060       0x1c C:/ST/STM32CubeIDE_1.16.1/STM32CubeIDE/plugins/com.st.stm32cube.ide.mcu.externaltools.gnu-tools-for-stm32.12.3.rel1.win32_1.0.200.202406191623/tools/bin/../lib/gcc/arm-none-eabi/12.3.1/thumb/v7-m/nofp/crtbegin.o
 *(.bss*)
 .bss.xIdleTaskTCBBuffer
                0x2000007c       0x54 ./Core/Src/freertos.o
 .bss.xIdleStack
                0x200000d0      0x200 ./Core/Src/freertos.o
 .bss.hadc1     0x200002d0       0x30 ./Core/Src/main.o
                0x200002d0                hadc1
 .bss.hcan      0x20000300       0x28 ./Core/Src/main.o
                0x20000300                hcan
 .bss.hi2c1     0x20000328       0x54 ./Core/Src/main.o
                0x20000328                hi2c1
 .bss.htim2     0x2000037c       0x48 ./Core/Src/main.o
                0x2000037c                htim2
 .bss.htim3     0x200003c4       0x48 ./Core/Src/main.o
                0x200003c4                htim3
 .bss.sensorTaskHandle
                0x2000040c        0x4 ./Core/Src/main.o
                0x2000040c                sensorTaskHandle
 .bss.faultTaskHandle
                0x20000410        0x4 ./Core/Src/main.o
                0x20000410                faultTaskHandle
 .bss.canTaskHandle
                0x20000414        0x4 ./Core/Src/main.o
                0x20000414                canTaskHandle
 .bss.motorTaskHandle
                0x20000418        0x4 ./Core/Src/main.o
                0x20000418                motorTaskHandle
 .bss.status    0x2000041c        0x1 ./Core/Src/main.o
                0x2000041c                status
 *fill*         0x2000041d        0x3 
 .bss.Voltage   0x20000420        0x4 ./Core/Src/main.o
                0x20000420                Voltage
 .bss.current   0x20000424        0x4 ./Core/Src/main.o
                0x20000424                current
 .bss.Power     0x20000428        0x4 ./Core/Src/main.o
                0x20000428                Power
 .bss.temperature
                0x2000042c        0x4 ./Core/Src/main.o
                0x2000042c                temperature
 .bss.rpm       0x20000430        0x4 ./Core/Src/main.o
                0x20000430                rpm
 .bss.direction
                0x20000434        0x1 ./Core/Src/main.o
                0x20000434                direction
 *fill*         0x20000435        0x3 
 .bss.data      0x20000438        0x2 ./Core/Src/main.o
                0x20000438                data
 .bss.config    0x2000043a        0x2 ./Core/Src/main.o
                0x2000043a                config
 .bss.sensorQueue
                0x2000043c        0x4 ./Core/Src/main.o
                0x2000043c                sensorQueue
 .bss.uwTick    0x20000440        0x4 ./Drivers/STM32F1xx_HAL_Driver/Src/stm32f1xx_hal.o
                0x20000440                uwTick
 .bss.pxCurrentTCB
                0x20000444        0x4 ./Middlewares/Third_Party/FreeRTOS/Source/tasks.o
                0x20000444                pxCurrentTCB
 .bss.pxReadyTasksLists
                0x20000448       0x8c ./Middlewares/Third_Party/FreeRTOS/Source/tasks.o
 .bss.xDelayedTaskList1
                0x200004d4       0x14 ./Middlewares/Third_Party/FreeRTOS/Source/tasks.o
 .bss.xDelayedTaskList2
                0x200004e8       0x14 ./Middlewares/Third_Party/FreeRTOS/Source/tasks.o
 .bss.pxDelayedTaskList
                0x200004fc        0x4 ./Middlewares/Third_Party/FreeRTOS/Source/tasks.o
 .bss.pxOverflowDelayedTaskList
                0x20000500        0x4 ./Middlewares/Third_Party/FreeRTOS/Source/tasks.o
 .bss.xPendingReadyList
                0x20000504       0x14 ./Middlewares/Third_Party/FreeRTOS/Source/tasks.o
 .bss.xTasksWaitingTermination
                0x20000518       0x14 ./Middlewares/Third_Party/FreeRTOS/Source/tasks.o
 .bss.uxDeletedTasksWaitingCleanUp
                0x2000052c        0x4 ./Middlewares/Third_Party/FreeRTOS/Source/tasks.o
 .bss.xSuspendedTaskList
                0x20000530       0x14 ./Middlewares/Third_Party/FreeRTOS/Source/tasks.o
 .bss.uxCurrentNumberOfTasks
                0x20000544        0x4 ./Middlewares/Third_Party/FreeRTOS/Source/tasks.o
 .bss.xTickCount
                0x20000548        0x4 ./Middlewares/Third_Party/FreeRTOS/Source/tasks.o
 .bss.uxTopReadyPriority
                0x2000054c        0x4 ./Middlewares/Third_Party/FreeRTOS/Source/tasks.o
 .bss.xSchedulerRunning
                0x20000550        0x4 ./Middlewares/Third_Party/FreeRTOS/Source/tasks.o
 .bss.xPendedTicks
                0x20000554        0x4 ./Middlewares/Third_Party/FreeRTOS/Source/tasks.o
 .bss.xYieldPending
                0x20000558        0x4 ./Middlewares/Third_Party/FreeRTOS/Source/tasks.o
 .bss.xNumOfOverflows
                0x2000055c        0x4 ./Middlewares/Third_Party/FreeRTOS/Source/tasks.o
 .bss.uxTaskNumber
                0x20000560        0x4 ./Middlewares/Third_Party/FreeRTOS/Source/tasks.o
 .bss.xNextTaskUnblockTime
                0x20000564        0x4 ./Middlewares/Third_Party/FreeRTOS/Source/tasks.o
 .bss.xIdleTaskHandle
                0x20000568        0x4 ./Middlewares/Third_Party/FreeRTOS/Source/tasks.o
 .bss.uxSchedulerSuspended
                0x2000056c        0x4 ./Middlewares/Third_Party/FreeRTOS/Source/tasks.o
 .bss.ucMaxSysCallPriority
                0x20000570        0x1 ./Middlewares/Third_Party/FreeRTOS/Source/portable/GCC/ARM_CM3/port.o
 *fill*         0x20000571        0x3 
 .bss.ulMaxPRIGROUPValue
                0x20000574        0x4 ./Middlewares/Third_Party/FreeRTOS/Source/portable/GCC/ARM_CM3/port.o
 .bss.ucHeap    0x20000578      0xc00 ./Middlewares/Third_Party/FreeRTOS/Source/portable/MemMang/heap_4.o
 .bss.xStart    0x20001178        0x8 ./Middlewares/Third_Party/FreeRTOS/Source/portable/MemMang/heap_4.o
 .bss.pxEnd     0x20001180        0x4 ./Middlewares/Third_Party/FreeRTOS/Source/portable/MemMang/heap_4.o
 .bss.xFreeBytesRemaining
                0x20001184        0x4 ./Middlewares/Third_Party/FreeRTOS/Source/portable/MemMang/heap_4.o
 .bss.xMinimumEverFreeBytesRemaining
                0x20001188        0x4 ./Middlewares/Third_Party/FreeRTOS/Source/portable/MemMang/heap_4.o
 .bss.xNumberOfSuccessfulAllocations
                0x2000118c        0x4 ./Middlewares/Third_Party/FreeRTOS/Source/portable/MemMang/heap_4.o
 .bss.xNumberOfSuccessfulFrees
                0x20001190        0x4 ./Middlewares/Third_Party/FreeRTOS/Source/portable/MemMang/heap_4.o
 .bss.xBlockAllocatedBit
                0x20001194        0x4 ./Middlewares/Third_Party/FreeRTOS/Source/portable/MemMang/heap_4.o
 .bss.__sf      0x20001198      0x138 C:/ST/STM32CubeIDE_1.16.1/STM32CubeIDE/plugins/com.st.stm32cube.ide.mcu.externaltools.gnu-tools-for-stm32.12.3.rel1.win32_1.0.200.202406191623/tools/bin/../lib/gcc/arm-none-eabi/12.3.1/../../../../arm-none-eabi/lib/thumb/v7-m/nofp\libc_nano.a(libc_a-findfp.o)
                0x20001198                __sf
 *(COMMON)
                0x200012d0                        . = ALIGN (0x4)
                0x200012d0                        _ebss = .
                0x200012d0                        __bss_end__ = _ebss

._user_heap_stack
                0x200012d0      0x600 load address 0x080073a0
                0x200012d0                        . = ALIGN (0x8)
                [!provide]                        PROVIDE (end = .)
                0x200012d0                        PROVIDE (_end = .)
                0x200014d0                        . = (. + _Min_Heap_Size)
 *fill*         0x200012d0      0x200 
                0x200018d0                        . = (. + _Min_Stack_Size)
 *fill*         0x200014d0      0x400 
                0x200018d0                        . = ALIGN (0x8)

/DISCARD/
 libc.a(*)
 libm.a(*)
 libgcc.a(*)

.ARM.attributes
                0x00000000       0x29
 *(.ARM.attributes)
 .ARM.attributes
                0x00000000       0x1d C:/ST/STM32CubeIDE_1.16.1/STM32CubeIDE/plugins/com.st.stm32cube.ide.mcu.externaltools.gnu-tools-for-stm32.12.3.rel1.win32_1.0.200.202406191623/tools/bin/../lib/gcc/arm-none-eabi/12.3.1/thumb/v7-m/nofp/crti.o
 .ARM.attributes
                0x0000001d       0x2d C:/ST/STM32CubeIDE_1.16.1/STM32CubeIDE/plugins/com.st.stm32cube.ide.mcu.externaltools.gnu-tools-for-stm32.12.3.rel1.win32_1.0.200.202406191623/tools/bin/../lib/gcc/arm-none-eabi/12.3.1/thumb/v7-m/nofp/crtbegin.o
 .ARM.attributes
                0x0000004a       0x2d ./Core/Src/freertos.o
 .ARM.attributes
                0x00000077       0x2d ./Core/Src/ina219.o
 .ARM.attributes
                0x000000a4       0x2d ./Core/Src/main.o
 .ARM.attributes
                0x000000d1       0x2d ./Core/Src/ntc.o
 .ARM.attributes
                0x000000fe       0x2d ./Core/Src/stm32f1xx_hal_msp.o
 .ARM.attributes
                0x0000012b       0x2d ./Core/Src/stm32f1xx_it.o
 .ARM.attributes
                0x00000158       0x2d ./Core/Src/system_stm32f1xx.o
 .ARM.attributes
                0x00000185       0x21 ./Core/Startup/startup_stm32f103rbtx.o
 .ARM.attributes
                0x000001a6       0x2d ./Drivers/STM32F1xx_HAL_Driver/Src/stm32f1xx_hal.o
 .ARM.attributes
                0x000001d3       0x2d ./Drivers/STM32F1xx_HAL_Driver/Src/stm32f1xx_hal_adc.o
 .ARM.attributes
                0x00000200       0x2d ./Drivers/STM32F1xx_HAL_Driver/Src/stm32f1xx_hal_can.o
 .ARM.attributes
                0x0000022d       0x2d ./Drivers/STM32F1xx_HAL_Driver/Src/stm32f1xx_hal_cortex.o
 .ARM.attributes
                0x0000025a       0x2d ./Drivers/STM32F1xx_HAL_Driver/Src/stm32f1xx_hal_gpio.o
 .ARM.attributes
                0x00000287       0x2d ./Drivers/STM32F1xx_HAL_Driver/Src/stm32f1xx_hal_i2c.o
 .ARM.attributes
                0x000002b4       0x2d ./Drivers/STM32F1xx_HAL_Driver/Src/stm32f1xx_hal_rcc.o
 .ARM.attributes
                0x000002e1       0x2d ./Drivers/STM32F1xx_HAL_Driver/Src/stm32f1xx_hal_rcc_ex.o
 .ARM.attributes
                0x0000030e       0x2d ./Drivers/STM32F1xx_HAL_Driver/Src/stm32f1xx_hal_tim.o
 .ARM.attributes
                0x0000033b       0x2d ./Drivers/STM32F1xx_HAL_Driver/Src/stm32f1xx_hal_tim_ex.o
 .ARM.attributes
                0x00000368       0x2d ./Middlewares/Third_Party/FreeRTOS/Source/CMSIS_RTOS/cmsis_os.o
 .ARM.attributes
                0x00000395       0x2d ./Middlewares/Third_Party/FreeRTOS/Source/list.o
 .ARM.attributes
                0x000003c2       0x2d ./Middlewares/Third_Party/FreeRTOS/Source/queue.o
 .ARM.attributes
                0x000003ef       0x2d ./Middlewares/Third_Party/FreeRTOS/Source/tasks.o
 .ARM.attributes
                0x0000041c       0x2d ./Middlewares/Third_Party/FreeRTOS/Source/portable/GCC/ARM_CM3/port.o
 .ARM.attributes
                0x00000449       0x2d ./Middlewares/Third_Party/FreeRTOS/Source/portable/MemMang/heap_4.o
 .ARM.attributes
                0x00000476       0x2d C:/ST/STM32CubeIDE_1.16.1/STM32CubeIDE/plugins/com.st.stm32cube.ide.mcu.externaltools.gnu-tools-for-stm32.12.3.rel1.win32_1.0.200.202406191623/tools/bin/../lib/gcc/arm-none-eabi/12.3.1/../../../../arm-none-eabi/lib/thumb/v7-m/nofp\libc_nano.a(libc_a-findfp.o)
 .ARM.attributes
                0x000004a3       0x2d C:/ST/STM32CubeIDE_1.16.1/STM32CubeIDE/plugins/com.st.stm32cube.ide.mcu.externaltools.gnu-tools-for-stm32.12.3.rel1.win32_1.0.200.202406191623/tools/bin/../lib/gcc/arm-none-eabi/12.3.1/../../../../arm-none-eabi/lib/thumb/v7-m/nofp\libc_nano.a(libc_a-memset.o)
 .ARM.attributes
                0x000004d0       0x2d C:/ST/STM32CubeIDE_1.16.1/STM32CubeIDE/plugins/com.st.stm32cube.ide.mcu.externaltools.gnu-tools-for-stm32.12.3.rel1.win32_1.0.200.202406191623/tools/bin/../lib/gcc/arm-none-eabi/12.3.1/../../../../arm-none-eabi/lib/thumb/v7-m/nofp\libc_nano.a(libc_a-impure.o)
 .ARM.attributes
                0x000004fd       0x2d C:/ST/STM32CubeIDE_1.16.1/STM32CubeIDE/plugins/com.st.stm32cube.ide.mcu.externaltools.gnu-tools-for-stm32.12.3.rel1.win32_1.0.200.202406191623/tools/bin/../lib/gcc/arm-none-eabi/12.3.1/../../../../arm-none-eabi/lib/thumb/v7-m/nofp\libc_nano.a(libc_a-errno.o)
 .ARM.attributes
                0x0000052a       0x2d C:/ST/STM32CubeIDE_1.16.1/STM32CubeIDE/plugins/com.st.stm32cube.ide.mcu.externaltools.gnu-tools-for-stm32.12.3.rel1.win32_1.0.200.202406191623/tools/bin/../lib/gcc/arm-none-eabi/12.3.1/../../../../arm-none-eabi/lib/thumb/v7-m/nofp\libc_nano.a(libc_a-init.o)
 .ARM.attributes
                0x00000557       0x2d C:/ST/STM32CubeIDE_1.16.1/STM32CubeIDE/plugins/com.st.stm32cube.ide.mcu.externaltools.gnu-tools-for-stm32.12.3.rel1.win32_1.0.200.202406191623/tools/bin/../lib/gcc/arm-none-eabi/12.3.1/../../../../arm-none-eabi/lib/thumb/v7-m/nofp\libc_nano.a(libc_a-memcpy-stub.o)
 .ARM.attributes
                0x00000584       0x2d C:/ST/STM32CubeIDE_1.16.1/STM32CubeIDE/plugins/com.st.stm32cube.ide.mcu.externaltools.gnu-tools-for-stm32.12.3.rel1.win32_1.0.200.202406191623/tools/bin/../lib/gcc/arm-none-eabi/12.3.1/../../../../arm-none-eabi/lib/thumb/v7-m/nofp\libm.a(libm_a-wf_log.o)
 .ARM.attributes
                0x000005b1       0x2d C:/ST/STM32CubeIDE_1.16.1/STM32CubeIDE/plugins/com.st.stm32cube.ide.mcu.externaltools.gnu-tools-for-stm32.12.3.rel1.win32_1.0.200.202406191623/tools/bin/../lib/gcc/arm-none-eabi/12.3.1/../../../../arm-none-eabi/lib/thumb/v7-m/nofp\libm.a(libm_a-sf_nan.o)
 .ARM.attributes
                0x000005de       0x2d C:/ST/STM32CubeIDE_1.16.1/STM32CubeIDE/plugins/com.st.stm32cube.ide.mcu.externaltools.gnu-tools-for-stm32.12.3.rel1.win32_1.0.200.202406191623/tools/bin/../lib/gcc/arm-none-eabi/12.3.1/../../../../arm-none-eabi/lib/thumb/v7-m/nofp\libm.a(libm_a-ef_log.o)
 .ARM.attributes
                0x0000060b       0x1d C:/ST/STM32CubeIDE_1.16.1/STM32CubeIDE/plugins/com.st.stm32cube.ide.mcu.externaltools.gnu-tools-for-stm32.12.3.rel1.win32_1.0.200.202406191623/tools/bin/../lib/gcc/arm-none-eabi/12.3.1/thumb/v7-m/nofp\libgcc.a(_arm_addsubsf3.o)
 .ARM.attributes
                0x00000628       0x1d C:/ST/STM32CubeIDE_1.16.1/STM32CubeIDE/plugins/com.st.stm32cube.ide.mcu.externaltools.gnu-tools-for-stm32.12.3.rel1.win32_1.0.200.202406191623/tools/bin/../lib/gcc/arm-none-eabi/12.3.1/thumb/v7-m/nofp\libgcc.a(_arm_muldivsf3.o)
 .ARM.attributes
                0x00000645       0x1d C:/ST/STM32CubeIDE_1.16.1/STM32CubeIDE/plugins/com.st.stm32cube.ide.mcu.externaltools.gnu-tools-for-stm32.12.3.rel1.win32_1.0.200.202406191623/tools/bin/../lib/gcc/arm-none-eabi/12.3.1/thumb/v7-m/nofp\libgcc.a(_arm_cmpsf2.o)
 .ARM.attributes
                0x00000662       0x1d C:/ST/STM32CubeIDE_1.16.1/STM32CubeIDE/plugins/com.st.stm32cube.ide.mcu.externaltools.gnu-tools-for-stm32.12.3.rel1.win32_1.0.200.202406191623/tools/bin/../lib/gcc/arm-none-eabi/12.3.1/thumb/v7-m/nofp\libgcc.a(_arm_unordsf2.o)
 .ARM.attributes
                0x0000067f       0x1d C:/ST/STM32CubeIDE_1.16.1/STM32CubeIDE/plugins/com.st.stm32cube.ide.mcu.externaltools.gnu-tools-for-stm32.12.3.rel1.win32_1.0.200.202406191623/tools/bin/../lib/gcc/arm-none-eabi/12.3.1/thumb/v7-m/nofp\libgcc.a(_arm_fixsfsi.o)
 .ARM.attributes
                0x0000069c       0x1d C:/ST/STM32CubeIDE_1.16.1/STM32CubeIDE/plugins/com.st.stm32cube.ide.mcu.externaltools.gnu-tools-for-stm32.12.3.rel1.win32_1.0.200.202406191623/tools/bin/../lib/gcc/arm-none-eabi/12.3.1/thumb/v7-m/nofp/crtn.o
OUTPUT(Motor_Health.elf elf32-littlearm)
LOAD linker stubs
LOAD C:/ST/STM32CubeIDE_1.16.1/STM32CubeIDE/plugins/com.st.stm32cube.ide.mcu.externaltools.gnu-tools-for-stm32.12.3.rel1.win32_1.0.200.202406191623/tools/bin/../lib/gcc/arm-none-eabi/12.3.1/../../../../arm-none-eabi/lib/thumb/v7-m/nofp\libc.a
LOAD C:/ST/STM32CubeIDE_1.16.1/STM32CubeIDE/plugins/com.st.stm32cube.ide.mcu.externaltools.gnu-tools-for-stm32.12.3.rel1.win32_1.0.200.202406191623/tools/bin/../lib/gcc/arm-none-eabi/12.3.1/../../../../arm-none-eabi/lib/thumb/v7-m/nofp\libm.a
LOAD C:/ST/STM32CubeIDE_1.16.1/STM32CubeIDE/plugins/com.st.stm32cube.ide.mcu.externaltools.gnu-tools-for-stm32.12.3.rel1.win32_1.0.200.202406191623/tools/bin/../lib/gcc/arm-none-eabi/12.3.1/thumb/v7-m/nofp\libgcc.a

.debug_info     0x00000000    0x14587
 .debug_info    0x00000000      0x279 ./Core/Src/freertos.o
 .debug_info    0x00000279      0x72a ./Core/Src/ina219.o
 .debug_info    0x000009a3     0x2042 ./Core/Src/main.o
 .debug_info    0x000029e5      0x5c9 ./Core/Src/ntc.o
 .debug_info    0x00002fae     0x153a ./Core/Src/stm32f1xx_hal_msp.o
 .debug_info    0x000044e8      0x11b ./Core/Src/stm32f1xx_it.o
 .debug_info    0x00004603      0x222 ./Core/Src/system_stm32f1xx.o
 .debug_info    0x00004825       0x30 ./Core/Startup/startup_stm32f103rbtx.o
 .debug_info    0x00004855      0x704 ./Drivers/STM32F1xx_HAL_Driver/Src/stm32f1xx_hal.o
 .debug_info    0x00004f59      0xc50 ./Drivers/STM32F1xx_HAL_Driver/Src/stm32f1xx_hal_adc.o
 .debug_info    0x00005ba9      0xf13 ./Drivers/STM32F1xx_HAL_Driver/Src/stm32f1xx_hal_can.o
 .debug_info    0x00006abc      0xa87 ./Drivers/STM32F1xx_HAL_Driver/Src/stm32f1xx_hal_cortex.o
 .debug_info    0x00007543      0x5ab ./Drivers/STM32F1xx_HAL_Driver/Src/stm32f1xx_hal_gpio.o
 .debug_info    0x00007aee     0x2524 ./Drivers/STM32F1xx_HAL_Driver/Src/stm32f1xx_hal_i2c.o
 .debug_info    0x0000a012      0x7d5 ./Drivers/STM32F1xx_HAL_Driver/Src/stm32f1xx_hal_rcc.o
 .debug_info    0x0000a7e7      0x3c0 ./Drivers/STM32F1xx_HAL_Driver/Src/stm32f1xx_hal_rcc_ex.o
 .debug_info    0x0000aba7     0x2959 ./Drivers/STM32F1xx_HAL_Driver/Src/stm32f1xx_hal_tim.o
 .debug_info    0x0000d500     0x149b ./Drivers/STM32F1xx_HAL_Driver/Src/stm32f1xx_hal_tim_ex.o
 .debug_info    0x0000e99b     0x1b60 ./Middlewares/Third_Party/FreeRTOS/Source/CMSIS_RTOS/cmsis_os.o
 .debug_info    0x000104fb      0x2af ./Middlewares/Third_Party/FreeRTOS/Source/list.o
 .debug_info    0x000107aa     0x17cd ./Middlewares/Third_Party/FreeRTOS/Source/queue.o
 .debug_info    0x00011f77     0x1ca7 ./Middlewares/Third_Party/FreeRTOS/Source/tasks.o
 .debug_info    0x00013c1e      0x494 ./Middlewares/Third_Party/FreeRTOS/Source/portable/GCC/ARM_CM3/port.o
 .debug_info    0x000140b2      0x4d5 ./Middlewares/Third_Party/FreeRTOS/Source/portable/MemMang/heap_4.o

.debug_abbrev   0x00000000     0x3297
 .debug_abbrev  0x00000000       0xd2 ./Core/Src/freertos.o
 .debug_abbrev  0x000000d2      0x196 ./Core/Src/ina219.o
 .debug_abbrev  0x00000268      0x34c ./Core/Src/main.o
 .debug_abbrev  0x000005b4      0x166 ./Core/Src/ntc.o
 .debug_abbrev  0x0000071a      0x276 ./Core/Src/stm32f1xx_hal_msp.o
 .debug_abbrev  0x00000990       0xaa ./Core/Src/stm32f1xx_it.o
 .debug_abbrev  0x00000a3a      0x13f ./Core/Src/system_stm32f1xx.o
 .debug_abbrev  0x00000b79       0x24 ./Core/Startup/startup_stm32f103rbtx.o
 .debug_abbrev  0x00000b9d      0x201 ./Drivers/STM32F1xx_HAL_Driver/Src/stm32f1xx_hal.o
 .debug_abbrev  0x00000d9e      0x225 ./Drivers/STM32F1xx_HAL_Driver/Src/stm32f1xx_hal_adc.o
 .debug_abbrev  0x00000fc3      0x21c ./Drivers/STM32F1xx_HAL_Driver/Src/stm32f1xx_hal_can.o
 .debug_abbrev  0x000011df      0x2f8 ./Drivers/STM32F1xx_HAL_Driver/Src/stm32f1xx_hal_cortex.o
 .debug_abbrev  0x000014d7      0x1ca ./Drivers/STM32F1xx_HAL_Driver/Src/stm32f1xx_hal_gpio.o
 .debug_abbrev  0x000016a1      0x2a3 ./Drivers/STM32F1xx_HAL_Driver/Src/stm32f1xx_hal_i2c.o
 .debug_abbrev  0x00001944      0x2b3 ./Drivers/STM32F1xx_HAL_Driver/Src/stm32f1xx_hal_rcc.o
 .debug_abbrev  0x00001bf7      0x188 ./Drivers/STM32F1xx_HAL_Driver/Src/stm32f1xx_hal_rcc_ex.o
 .debug_abbrev  0x00001d7f      0x277 ./Drivers/STM32F1xx_HAL_Driver/Src/stm32f1xx_hal_tim.o
 .debug_abbrev  0x00001ff6      0x282 ./Drivers/STM32F1xx_HAL_Driver/Src/stm32f1xx_hal_tim_ex.o
 .debug_abbrev  0x00002278      0x3a7 ./Middlewares/Third_Party/FreeRTOS/Source/CMSIS_RTOS/cmsis_os.o
 .debug_abbrev  0x0000261f       0xf5 ./Middlewares/Third_Party/FreeRTOS/Source/list.o
 .debug_abbrev  0x00002714      0x3b5 ./Middlewares/Third_Party/FreeRTOS/Source/queue.o
 .debug_abbrev  0x00002ac9      0x359 ./Middlewares/Third_Party/FreeRTOS/Source/tasks.o
 .debug_abbrev  0x00002e22      0x258 ./Middlewares/Third_Party/FreeRTOS/Source/portable/GCC/ARM_CM3/port.o
 .debug_abbrev  0x0000307a      0x21d ./Middlewares/Third_Party/FreeRTOS/Source/portable/MemMang/heap_4.o

.debug_aranges  0x00000000     0x14b8
 .debug_aranges
                0x00000000       0x20 ./Core/Src/freertos.o
 .debug_aranges
                0x00000020       0x38 ./Core/Src/ina219.o
 .debug_aranges
                0x00000058       0x80 ./Core/Src/main.o
 .debug_aranges
                0x000000d8       0x20 ./Core/Src/ntc.o
 .debug_aranges
                0x000000f8       0x78 ./Core/Src/stm32f1xx_hal_msp.o
 .debug_aranges
                0x00000170       0x50 ./Core/Src/stm32f1xx_it.o
 .debug_aranges
                0x000001c0       0x28 ./Core/Src/system_stm32f1xx.o
 .debug_aranges
                0x000001e8       0x28 ./Core/Startup/startup_stm32f103rbtx.o
 .debug_aranges
                0x00000210       0xe0 ./Drivers/STM32F1xx_HAL_Driver/Src/stm32f1xx_hal.o
 .debug_aranges
                0x000002f0       0xf0 ./Drivers/STM32F1xx_HAL_Driver/Src/stm32f1xx_hal_adc.o
 .debug_aranges
                0x000003e0      0x138 ./Drivers/STM32F1xx_HAL_Driver/Src/stm32f1xx_hal_can.o
 .debug_aranges
                0x00000518      0x100 ./Drivers/STM32F1xx_HAL_Driver/Src/stm32f1xx_hal_cortex.o
 .debug_aranges
                0x00000618       0x58 ./Drivers/STM32F1xx_HAL_Driver/Src/stm32f1xx_hal_gpio.o
 .debug_aranges
                0x00000670      0x2a8 ./Drivers/STM32F1xx_HAL_Driver/Src/stm32f1xx_hal_i2c.o
 .debug_aranges
                0x00000918       0x90 ./Drivers/STM32F1xx_HAL_Driver/Src/stm32f1xx_hal_rcc.o
 .debug_aranges
                0x000009a8       0x30 ./Drivers/STM32F1xx_HAL_Driver/Src/stm32f1xx_hal_rcc_ex.o
 .debug_aranges
                0x000009d8      0x3d0 ./Drivers/STM32F1xx_HAL_Driver/Src/stm32f1xx_hal_tim.o
 .debug_aranges
                0x00000da8      0x168 ./Drivers/STM32F1xx_HAL_Driver/Src/stm32f1xx_hal_tim_ex.o
 .debug_aranges
                0x00000f10      0x1d8 ./Middlewares/Third_Party/FreeRTOS/Source/CMSIS_RTOS/cmsis_os.o
 .debug_aranges
                0x000010e8       0x40 ./Middlewares/Third_Party/FreeRTOS/Source/list.o
 .debug_aranges
                0x00001128      0x108 ./Middlewares/Third_Party/FreeRTOS/Source/queue.o
 .debug_aranges
                0x00001230      0x1b8 ./Middlewares/Third_Party/FreeRTOS/Source/tasks.o
 .debug_aranges
                0x000013e8       0x78 ./Middlewares/Third_Party/FreeRTOS/Source/portable/GCC/ARM_CM3/port.o
 .debug_aranges
                0x00001460       0x58 ./Middlewares/Third_Party/FreeRTOS/Source/portable/MemMang/heap_4.o

.debug_rnglists
                0x00000000     0x1018
 .debug_rnglists
                0x00000000       0x13 ./Core/Src/freertos.o
 .debug_rnglists
                0x00000013       0x25 ./Core/Src/ina219.o
 .debug_rnglists
                0x00000038       0x62 ./Core/Src/main.o
 .debug_rnglists
                0x0000009a       0x14 ./Core/Src/ntc.o
 .debug_rnglists
                0x000000ae       0x58 ./Core/Src/stm32f1xx_hal_msp.o
 .debug_rnglists
                0x00000106       0x37 ./Core/Src/stm32f1xx_it.o
 .debug_rnglists
                0x0000013d       0x1a ./Core/Src/system_stm32f1xx.o
 .debug_rnglists
                0x00000157       0x19 ./Core/Startup/startup_stm32f103rbtx.o
 .debug_rnglists
                0x00000170       0xa3 ./Drivers/STM32F1xx_HAL_Driver/Src/stm32f1xx_hal.o
 .debug_rnglists
                0x00000213       0xbc ./Drivers/STM32F1xx_HAL_Driver/Src/stm32f1xx_hal_adc.o
 .debug_rnglists
                0x000002cf       0xed ./Drivers/STM32F1xx_HAL_Driver/Src/stm32f1xx_hal_can.o
 .debug_rnglists
                0x000003bc       0xbb ./Drivers/STM32F1xx_HAL_Driver/Src/stm32f1xx_hal_cortex.o
 .debug_rnglists
                0x00000477       0x3f ./Drivers/STM32F1xx_HAL_Driver/Src/stm32f1xx_hal_gpio.o
 .debug_rnglists
                0x000004b6      0x23c ./Drivers/STM32F1xx_HAL_Driver/Src/stm32f1xx_hal_i2c.o
 .debug_rnglists
                0x000006f2       0x6c ./Drivers/STM32F1xx_HAL_Driver/Src/stm32f1xx_hal_rcc.o
 .debug_rnglists
                0x0000075e       0x21 ./Drivers/STM32F1xx_HAL_Driver/Src/stm32f1xx_hal_rcc_ex.o
 .debug_rnglists
                0x0000077f      0x31a ./Drivers/STM32F1xx_HAL_Driver/Src/stm32f1xx_hal_tim.o
 .debug_rnglists
                0x00000a99      0x125 ./Drivers/STM32F1xx_HAL_Driver/Src/stm32f1xx_hal_tim_ex.o
 .debug_rnglists
                0x00000bbe      0x16a ./Middlewares/Third_Party/FreeRTOS/Source/CMSIS_RTOS/cmsis_os.o
 .debug_rnglists
                0x00000d28       0x2b ./Middlewares/Third_Party/FreeRTOS/Source/list.o
 .debug_rnglists
                0x00000d53       0xcd ./Middlewares/Third_Party/FreeRTOS/Source/queue.o
 .debug_rnglists
                0x00000e20      0x15f ./Middlewares/Third_Party/FreeRTOS/Source/tasks.o
 .debug_rnglists
                0x00000f7f       0x57 ./Middlewares/Third_Party/FreeRTOS/Source/portable/GCC/ARM_CM3/port.o
 .debug_rnglists
                0x00000fd6       0x42 ./Middlewares/Third_Party/FreeRTOS/Source/portable/MemMang/heap_4.o

.debug_macro    0x00000000    0x1a755
 .debug_macro   0x00000000      0x238 ./Core/Src/freertos.o
 .debug_macro   0x00000238      0xaa8 ./Core/Src/freertos.o
 .debug_macro   0x00000ce0      0x189 ./Core/Src/freertos.o
 .debug_macro   0x00000e69       0x22 ./Core/Src/freertos.o
 .debug_macro   0x00000e8b       0x8e ./Core/Src/freertos.o
 .debug_macro   0x00000f19       0x51 ./Core/Src/freertos.o
 .debug_macro   0x00000f6a      0x103 ./Core/Src/freertos.o
 .debug_macro   0x0000106d       0x6a ./Core/Src/freertos.o
 .debug_macro   0x000010d7      0x1df ./Core/Src/freertos.o
 .debug_macro   0x000012b6       0xd0 ./Core/Src/freertos.o
 .debug_macro   0x00001386      0x15a ./Core/Src/freertos.o
 .debug_macro   0x000014e0       0xde ./Core/Src/freertos.o
 .debug_macro   0x000015be       0x1c ./Core/Src/freertos.o
 .debug_macro   0x000015da       0x26 ./Core/Src/freertos.o
 .debug_macro   0x00001600      0x519 ./Core/Src/freertos.o
 .debug_macro   0x00001b19       0xb5 ./Core/Src/freertos.o
 .debug_macro   0x00001bce       0xaa ./Core/Src/freertos.o
 .debug_macro   0x00001c78      0x227 ./Core/Src/freertos.o
 .debug_macro   0x00001e9f       0x2e ./Core/Src/freertos.o
 .debug_macro   0x00001ecd       0x22 ./Core/Src/freertos.o
 .debug_macro   0x00001eef       0x1c ./Core/Src/freertos.o
 .debug_macro   0x00001f0b       0x22 ./Core/Src/freertos.o
 .debug_macro   0x00001f2d       0xbd ./Core/Src/freertos.o
 .debug_macro   0x00001fea      0xd23 ./Core/Src/freertos.o
 .debug_macro   0x00002d0d     0xe09e ./Core/Src/freertos.o
 .debug_macro   0x00010dab       0x6d ./Core/Src/freertos.o
 .debug_macro   0x00010e18     0x34a2 ./Core/Src/freertos.o
 .debug_macro   0x000142ba       0x5c ./Core/Src/freertos.o
 .debug_macro   0x00014316      0x5bc ./Core/Src/freertos.o
 .debug_macro   0x000148d2      0x289 ./Core/Src/freertos.o
 .debug_macro   0x00014b5b      0x1cb ./Core/Src/freertos.o
 .debug_macro   0x00014d26      0x114 ./Core/Src/freertos.o
 .debug_macro   0x00014e3a      0x1b2 ./Core/Src/freertos.o
 .debug_macro   0x00014fec       0x27 ./Core/Src/freertos.o
 .debug_macro   0x00015013      0x136 ./Core/Src/freertos.o
 .debug_macro   0x00015149      0x1bc ./Core/Src/freertos.o
 .debug_macro   0x00015305       0x34 ./Core/Src/freertos.o
 .debug_macro   0x00015339       0x3c ./Core/Src/freertos.o
 .debug_macro   0x00015375      0x408 ./Core/Src/freertos.o
 .debug_macro   0x0001577d       0x57 ./Core/Src/freertos.o
 .debug_macro   0x000157d4      0x46a ./Core/Src/freertos.o
 .debug_macro   0x00015c3e      0x1b5 ./Core/Src/freertos.o
 .debug_macro   0x00015df3       0x87 ./Core/Src/freertos.o
 .debug_macro   0x00015e7a      0x240 ./Core/Src/freertos.o
 .debug_macro   0x000160ba      0x287 ./Core/Src/freertos.o
 .debug_macro   0x00016341      0x140 ./Core/Src/freertos.o
 .debug_macro   0x00016481      0x8ed ./Core/Src/freertos.o
 .debug_macro   0x00016d6e       0x83 ./Core/Src/freertos.o
 .debug_macro   0x00016df1       0x1c ./Core/Src/freertos.o
 .debug_macro   0x00016e0d      0x1df ./Core/Src/ina219.o
 .debug_macro   0x00016fec       0x40 ./Core/Src/ina219.o
 .debug_macro   0x0001702c      0x29f ./Core/Src/main.o
 .debug_macro   0x000172cb       0xd0 ./Core/Src/main.o
 .debug_macro   0x0001739b       0x91 ./Core/Src/main.o
 .debug_macro   0x0001742c       0x8d ./Core/Src/main.o
 .debug_macro   0x000174b9       0x7e ./Core/Src/main.o
 .debug_macro   0x00017537       0x19 ./Core/Src/main.o
 .debug_macro   0x00017550       0xf2 ./Core/Src/main.o
 .debug_macro   0x00017642       0x22 ./Core/Src/main.o
 .debug_macro   0x00017664      0x28a ./Core/Src/ntc.o
 .debug_macro   0x000178ee       0x1c ./Core/Src/ntc.o
 .debug_macro   0x0001790a       0x61 ./Core/Src/ntc.o
 .debug_macro   0x0001796b       0x24 ./Core/Src/ntc.o
 .debug_macro   0x0001798f       0x43 ./Core/Src/ntc.o
 .debug_macro   0x000179d2       0x34 ./Core/Src/ntc.o
 .debug_macro   0x00017a06       0x16 ./Core/Src/ntc.o
 .debug_macro   0x00017a1c       0x43 ./Core/Src/ntc.o
 .debug_macro   0x00017a5f       0x34 ./Core/Src/ntc.o
 .debug_macro   0x00017a93       0x10 ./Core/Src/ntc.o
 .debug_macro   0x00017aa3       0x58 ./Core/Src/ntc.o
 .debug_macro   0x00017afb       0x8e ./Core/Src/ntc.o
 .debug_macro   0x00017b89       0x1c ./Core/Src/ntc.o
 .debug_macro   0x00017ba5      0x177 ./Core/Src/ntc.o
 .debug_macro   0x00017d1c      0x369 ./Core/Src/ntc.o
 .debug_macro   0x00018085      0x19b ./Core/Src/ntc.o
 .debug_macro   0x00018220      0x1d0 ./Core/Src/stm32f1xx_hal_msp.o
 .debug_macro   0x000183f0      0x242 ./Core/Src/stm32f1xx_it.o
 .debug_macro   0x00018632      0x1c1 ./Core/Src/system_stm32f1xx.o
 .debug_macro   0x000187f3      0x1e5 ./Drivers/STM32F1xx_HAL_Driver/Src/stm32f1xx_hal.o
 .debug_macro   0x000189d8      0x1de ./Drivers/STM32F1xx_HAL_Driver/Src/stm32f1xx_hal_adc.o
 .debug_macro   0x00018bb6      0x1d0 ./Drivers/STM32F1xx_HAL_Driver/Src/stm32f1xx_hal_can.o
 .debug_macro   0x00018d86      0x1c1 ./Drivers/STM32F1xx_HAL_Driver/Src/stm32f1xx_hal_cortex.o
 .debug_macro   0x00018f47      0x22c ./Drivers/STM32F1xx_HAL_Driver/Src/stm32f1xx_hal_gpio.o
 .debug_macro   0x00019173      0x20f ./Drivers/STM32F1xx_HAL_Driver/Src/stm32f1xx_hal_i2c.o
 .debug_macro   0x00019382      0x1d3 ./Drivers/STM32F1xx_HAL_Driver/Src/stm32f1xx_hal_rcc.o
 .debug_macro   0x00019555      0x1c1 ./Drivers/STM32F1xx_HAL_Driver/Src/stm32f1xx_hal_rcc_ex.o
 .debug_macro   0x00019716      0x1c2 ./Drivers/STM32F1xx_HAL_Driver/Src/stm32f1xx_hal_tim.o
 .debug_macro   0x000198d8      0x1c1 ./Drivers/STM32F1xx_HAL_Driver/Src/stm32f1xx_hal_tim_ex.o
 .debug_macro   0x00019a99      0x1fe ./Middlewares/Third_Party/FreeRTOS/Source/CMSIS_RTOS/cmsis_os.o
 .debug_macro   0x00019c97       0x10 ./Middlewares/Third_Party/FreeRTOS/Source/CMSIS_RTOS/cmsis_os.o
 .debug_macro   0x00019ca7       0x20 ./Middlewares/Third_Party/FreeRTOS/Source/CMSIS_RTOS/cmsis_os.o
 .debug_macro   0x00019cc7       0xab ./Middlewares/Third_Party/FreeRTOS/Source/CMSIS_RTOS/cmsis_os.o
 .debug_macro   0x00019d72      0x187 ./Middlewares/Third_Party/FreeRTOS/Source/list.o
 .debug_macro   0x00019ef9      0x216 ./Middlewares/Third_Party/FreeRTOS/Source/queue.o
 .debug_macro   0x0001a10f       0x16 ./Middlewares/Third_Party/FreeRTOS/Source/queue.o
 .debug_macro   0x0001a125       0x87 ./Middlewares/Third_Party/FreeRTOS/Source/queue.o
 .debug_macro   0x0001a1ac      0x279 ./Middlewares/Third_Party/FreeRTOS/Source/tasks.o
 .debug_macro   0x0001a425       0x10 ./Middlewares/Third_Party/FreeRTOS/Source/tasks.o
 .debug_macro   0x0001a435      0x172 ./Middlewares/Third_Party/FreeRTOS/Source/portable/GCC/ARM_CM3/port.o
 .debug_macro   0x0001a5a7      0x1ae ./Middlewares/Third_Party/FreeRTOS/Source/portable/MemMang/heap_4.o

.debug_line     0x00000000    0x17eb7
 .debug_line    0x00000000      0x849 ./Core/Src/freertos.o
 .debug_line    0x00000849      0x7d3 ./Core/Src/ina219.o
 .debug_line    0x0000101c      0xca3 ./Core/Src/main.o
 .debug_line    0x00001cbf      0x8a2 ./Core/Src/ntc.o
 .debug_line    0x00002561      0x8de ./Core/Src/stm32f1xx_hal_msp.o
 .debug_line    0x00002e3f      0x8f3 ./Core/Src/stm32f1xx_it.o
 .debug_line    0x00003732      0x7ca ./Core/Src/system_stm32f1xx.o
 .debug_line    0x00003efc       0x78 ./Core/Startup/startup_stm32f103rbtx.o
 .debug_line    0x00003f74      0x9f7 ./Drivers/STM32F1xx_HAL_Driver/Src/stm32f1xx_hal.o
 .debug_line    0x0000496b     0x1074 ./Drivers/STM32F1xx_HAL_Driver/Src/stm32f1xx_hal_adc.o
 .debug_line    0x000059df     0x11d9 ./Drivers/STM32F1xx_HAL_Driver/Src/stm32f1xx_hal_can.o
 .debug_line    0x00006bb8      0xbe3 ./Drivers/STM32F1xx_HAL_Driver/Src/stm32f1xx_hal_cortex.o
 .debug_line    0x0000779b      0xa90 ./Drivers/STM32F1xx_HAL_Driver/Src/stm32f1xx_hal_gpio.o
 .debug_line    0x0000822b     0x3c94 ./Drivers/STM32F1xx_HAL_Driver/Src/stm32f1xx_hal_i2c.o
 .debug_line    0x0000bebf      0xe00 ./Drivers/STM32F1xx_HAL_Driver/Src/stm32f1xx_hal_rcc.o
 .debug_line    0x0000ccbf      0x941 ./Drivers/STM32F1xx_HAL_Driver/Src/stm32f1xx_hal_rcc_ex.o
 .debug_line    0x0000d600     0x351c ./Drivers/STM32F1xx_HAL_Driver/Src/stm32f1xx_hal_tim.o
 .debug_line    0x00010b1c     0x1946 ./Drivers/STM32F1xx_HAL_Driver/Src/stm32f1xx_hal_tim_ex.o
 .debug_line    0x00012462     0x1265 ./Middlewares/Third_Party/FreeRTOS/Source/CMSIS_RTOS/cmsis_os.o
 .debug_line    0x000136c7      0x795 ./Middlewares/Third_Party/FreeRTOS/Source/list.o
 .debug_line    0x00013e5c     0x1516 ./Middlewares/Third_Party/FreeRTOS/Source/queue.o
 .debug_line    0x00015372     0x19ac ./Middlewares/Third_Party/FreeRTOS/Source/tasks.o
 .debug_line    0x00016d1e      0x7da ./Middlewares/Third_Party/FreeRTOS/Source/portable/GCC/ARM_CM3/port.o
 .debug_line    0x000174f8      0x9bf ./Middlewares/Third_Party/FreeRTOS/Source/portable/MemMang/heap_4.o

.debug_str      0x00000000    0x9aef6
 .debug_str     0x00000000    0x8da70 ./Core/Src/freertos.o
                              0x8dddc (size before relaxing)
 .debug_str     0x0008da70      0x588 ./Core/Src/ina219.o
                              0x8a4ea (size before relaxing)
 .debug_str     0x0008dff8     0x3260 ./Core/Src/main.o
                              0x91690 (size before relaxing)
 .debug_str     0x00091258     0x391c ./Core/Src/ntc.o
                              0x8db98 (size before relaxing)
 .debug_str     0x00094b74      0x3c0 ./Core/Src/stm32f1xx_hal_msp.o
                              0x8ae67 (size before relaxing)
 .debug_str     0x00094f34       0xd9 ./Core/Src/stm32f1xx_it.o
                              0x8dd3d (size before relaxing)
 .debug_str     0x0009500d       0x7e ./Core/Src/system_stm32f1xx.o
                              0x89f39 (size before relaxing)
 .debug_str     0x0009508b       0x44 ./Core/Startup/startup_stm32f103rbtx.o
                                 0x73 (size before relaxing)
 .debug_str     0x000950cf      0x38e ./Drivers/STM32F1xx_HAL_Driver/Src/stm32f1xx_hal.o
                              0x8a66c (size before relaxing)
 .debug_str     0x0009545d      0x35f ./Drivers/STM32F1xx_HAL_Driver/Src/stm32f1xx_hal_adc.o
                              0x8a61d (size before relaxing)
 .debug_str     0x000957bc      0x481 ./Drivers/STM32F1xx_HAL_Driver/Src/stm32f1xx_hal_can.o
                              0x8a741 (size before relaxing)
 .debug_str     0x00095c3d      0x28a ./Drivers/STM32F1xx_HAL_Driver/Src/stm32f1xx_hal_cortex.o
                              0x8a5b8 (size before relaxing)
 .debug_str     0x00095ec7      0x2e6 ./Drivers/STM32F1xx_HAL_Driver/Src/stm32f1xx_hal_gpio.o
                              0x8a2bf (size before relaxing)
 .debug_str     0x000961ad      0xb9b ./Drivers/STM32F1xx_HAL_Driver/Src/stm32f1xx_hal_i2c.o
                              0x8b000 (size before relaxing)
 .debug_str     0x00096d48      0x209 ./Drivers/STM32F1xx_HAL_Driver/Src/stm32f1xx_hal_rcc.o
                              0x8a368 (size before relaxing)
 .debug_str     0x00096f51       0x84 ./Drivers/STM32F1xx_HAL_Driver/Src/stm32f1xx_hal_rcc_ex.o
                              0x8a0b8 (size before relaxing)
 .debug_str     0x00096fd5      0xcff ./Drivers/STM32F1xx_HAL_Driver/Src/stm32f1xx_hal_tim.o
                              0x8b36a (size before relaxing)
 .debug_str     0x00097cd4      0x493 ./Drivers/STM32F1xx_HAL_Driver/Src/stm32f1xx_hal_tim_ex.o
                              0x8ab76 (size before relaxing)
 .debug_str     0x00098167      0xabe ./Middlewares/Third_Party/FreeRTOS/Source/CMSIS_RTOS/cmsis_os.o
                               0xe579 (size before relaxing)
 .debug_str     0x00098c25      0x20f ./Middlewares/Third_Party/FreeRTOS/Source/list.o
                               0xaa75 (size before relaxing)
 .debug_str     0x00098e34      0x7e4 ./Middlewares/Third_Party/FreeRTOS/Source/queue.o
                               0xc408 (size before relaxing)
 .debug_str     0x00099618      0xf43 ./Middlewares/Third_Party/FreeRTOS/Source/tasks.o
                               0xcde0 (size before relaxing)
 .debug_str     0x0009a55b      0x66e ./Middlewares/Third_Party/FreeRTOS/Source/portable/GCC/ARM_CM3/port.o
                               0x85be (size before relaxing)
 .debug_str     0x0009abc9      0x32d ./Middlewares/Third_Party/FreeRTOS/Source/portable/MemMang/heap_4.o
                               0xb3b7 (size before relaxing)

.comment        0x00000000       0x43
 .comment       0x00000000       0x43 ./Core/Src/freertos.o
                                 0x44 (size before relaxing)
 .comment       0x00000043       0x44 ./Core/Src/ina219.o
 .comment       0x00000043       0x44 ./Core/Src/main.o
 .comment       0x00000043       0x44 ./Core/Src/ntc.o
 .comment       0x00000043       0x44 ./Core/Src/stm32f1xx_hal_msp.o
 .comment       0x00000043       0x44 ./Core/Src/stm32f1xx_it.o
 .comment       0x00000043       0x44 ./Core/Src/system_stm32f1xx.o
 .comment       0x00000043       0x44 ./Drivers/STM32F1xx_HAL_Driver/Src/stm32f1xx_hal.o
 .comment       0x00000043       0x44 ./Drivers/STM32F1xx_HAL_Driver/Src/stm32f1xx_hal_adc.o
 .comment       0x00000043       0x44 ./Drivers/STM32F1xx_HAL_Driver/Src/stm32f1xx_hal_can.o
 .comment       0x00000043       0x44 ./Drivers/STM32F1xx_HAL_Driver/Src/stm32f1xx_hal_cortex.o
 .comment       0x00000043       0x44 ./Drivers/STM32F1xx_HAL_Driver/Src/stm32f1xx_hal_gpio.o
 .comment       0x00000043       0x44 ./Drivers/STM32F1xx_HAL_Driver/Src/stm32f1xx_hal_i2c.o
 .comment       0x00000043       0x44 ./Drivers/STM32F1xx_HAL_Driver/Src/stm32f1xx_hal_rcc.o
 .comment       0x00000043       0x44 ./Drivers/STM32F1xx_HAL_Driver/Src/stm32f1xx_hal_rcc_ex.o
 .comment       0x00000043       0x44 ./Drivers/STM32F1xx_HAL_Driver/Src/stm32f1xx_hal_tim.o
 .comment       0x00000043       0x44 ./Drivers/STM32F1xx_HAL_Driver/Src/stm32f1xx_hal_tim_ex.o
 .comment       0x00000043       0x44 ./Middlewares/Third_Party/FreeRTOS/Source/CMSIS_RTOS/cmsis_os.o
 .comment       0x00000043       0x44 ./Middlewares/Third_Party/FreeRTOS/Source/list.o
 .comment       0x00000043       0x44 ./Middlewares/Third_Party/FreeRTOS/Source/queue.o
 .comment       0x00000043       0x44 ./Middlewares/Third_Party/FreeRTOS/Source/tasks.o
 .comment       0x00000043       0x44 ./Middlewares/Third_Party/FreeRTOS/Source/portable/GCC/ARM_CM3/port.o
 .comment       0x00000043       0x44 ./Middlewares/Third_Party/FreeRTOS/Source/portable/MemMang/heap_4.o

.debug_frame    0x00000000     0x5a90
 .debug_frame   0x00000000       0x38 ./Core/Src/freertos.o
 .debug_frame   0x00000038       0xa0 ./Core/Src/ina219.o
 .debug_frame   0x000000d8      0x1b8 ./Core/Src/main.o
 .debug_frame   0x00000290       0x34 ./Core/Src/ntc.o
 .debug_frame   0x000002c4      0x1c8 ./Core/Src/stm32f1xx_hal_msp.o
 .debug_frame   0x0000048c       0xc4 ./Core/Src/stm32f1xx_it.o
 .debug_frame   0x00000550       0x58 ./Core/Src/system_stm32f1xx.o
 .debug_frame   0x000005a8      0x334 ./Drivers/STM32F1xx_HAL_Driver/Src/stm32f1xx_hal.o
 .debug_frame   0x000008dc      0x40c ./Drivers/STM32F1xx_HAL_Driver/Src/stm32f1xx_hal_adc.o
 .debug_frame   0x00000ce8      0x5a0 ./Drivers/STM32F1xx_HAL_Driver/Src/stm32f1xx_hal_can.o
 .debug_frame   0x00001288      0x428 ./Drivers/STM32F1xx_HAL_Driver/Src/stm32f1xx_hal_cortex.o
 .debug_frame   0x000016b0      0x14c ./Drivers/STM32F1xx_HAL_Driver/Src/stm32f1xx_hal_gpio.o
 .debug_frame   0x000017fc      0xc84 ./Drivers/STM32F1xx_HAL_Driver/Src/stm32f1xx_hal_i2c.o
 .debug_frame   0x00002480      0x218 ./Drivers/STM32F1xx_HAL_Driver/Src/stm32f1xx_hal_rcc.o
 .debug_frame   0x00002698       0x80 ./Drivers/STM32F1xx_HAL_Driver/Src/stm32f1xx_hal_rcc_ex.o
 .debug_frame   0x00002718     0x11b8 ./Drivers/STM32F1xx_HAL_Driver/Src/stm32f1xx_hal_tim.o
 .debug_frame   0x000038d0      0x638 ./Drivers/STM32F1xx_HAL_Driver/Src/stm32f1xx_hal_tim_ex.o
 .debug_frame   0x00003f08      0x80c ./Middlewares/Third_Party/FreeRTOS/Source/CMSIS_RTOS/cmsis_os.o
 .debug_frame   0x00004714       0xd8 ./Middlewares/Third_Party/FreeRTOS/Source/list.o
 .debug_frame   0x000047ec      0x46c ./Middlewares/Third_Party/FreeRTOS/Source/queue.o
 .debug_frame   0x00004c58      0x77c ./Middlewares/Third_Party/FreeRTOS/Source/tasks.o
 .debug_frame   0x000053d4      0x198 ./Middlewares/Third_Party/FreeRTOS/Source/portable/GCC/ARM_CM3/port.o
 .debug_frame   0x0000556c      0x12c ./Middlewares/Third_Party/FreeRTOS/Source/portable/MemMang/heap_4.o
 .debug_frame   0x00005698      0x144 C:/ST/STM32CubeIDE_1.16.1/STM32CubeIDE/plugins/com.st.stm32cube.ide.mcu.externaltools.gnu-tools-for-stm32.12.3.rel1.win32_1.0.200.202406191623/tools/bin/../lib/gcc/arm-none-eabi/12.3.1/../../../../arm-none-eabi/lib/thumb/v7-m/nofp\libc_nano.a(libc_a-findfp.o)
 .debug_frame   0x000057dc       0x20 C:/ST/STM32CubeIDE_1.16.1/STM32CubeIDE/plugins/com.st.stm32cube.ide.mcu.externaltools.gnu-tools-for-stm32.12.3.rel1.win32_1.0.200.202406191623/tools/bin/../lib/gcc/arm-none-eabi/12.3.1/../../../../arm-none-eabi/lib/thumb/v7-m/nofp\libc_nano.a(libc_a-memset.o)
 .debug_frame   0x000057fc       0x20 C:/ST/STM32CubeIDE_1.16.1/STM32CubeIDE/plugins/com.st.stm32cube.ide.mcu.externaltools.gnu-tools-for-stm32.12.3.rel1.win32_1.0.200.202406191623/tools/bin/../lib/gcc/arm-none-eabi/12.3.1/../../../../arm-none-eabi/lib/thumb/v7-m/nofp\libc_nano.a(libc_a-errno.o)
 .debug_frame   0x0000581c       0x2c C:/ST/STM32CubeIDE_1.16.1/STM32CubeIDE/plugins/com.st.stm32cube.ide.mcu.externaltools.gnu-tools-for-stm32.12.3.rel1.win32_1.0.200.202406191623/tools/bin/../lib/gcc/arm-none-eabi/12.3.1/../../../../arm-none-eabi/lib/thumb/v7-m/nofp\libc_nano.a(libc_a-init.o)
 .debug_frame   0x00005848       0x28 C:/ST/STM32CubeIDE_1.16.1/STM32CubeIDE/plugins/com.st.stm32cube.ide.mcu.externaltools.gnu-tools-for-stm32.12.3.rel1.win32_1.0.200.202406191623/tools/bin/../lib/gcc/arm-none-eabi/12.3.1/../../../../arm-none-eabi/lib/thumb/v7-m/nofp\libc_nano.a(libc_a-memcpy-stub.o)
 .debug_frame   0x00005870       0x34 C:/ST/STM32CubeIDE_1.16.1/STM32CubeIDE/plugins/com.st.stm32cube.ide.mcu.externaltools.gnu-tools-for-stm32.12.3.rel1.win32_1.0.200.202406191623/tools/bin/../lib/gcc/arm-none-eabi/12.3.1/../../../../arm-none-eabi/lib/thumb/v7-m/nofp\libm.a(libm_a-wf_log.o)
 .debug_frame   0x000058a4       0x20 C:/ST/STM32CubeIDE_1.16.1/STM32CubeIDE/plugins/com.st.stm32cube.ide.mcu.externaltools.gnu-tools-for-stm32.12.3.rel1.win32_1.0.200.202406191623/tools/bin/../lib/gcc/arm-none-eabi/12.3.1/../../../../arm-none-eabi/lib/thumb/v7-m/nofp\libm.a(libm_a-sf_nan.o)
 .debug_frame   0x000058c4       0x38 C:/ST/STM32CubeIDE_1.16.1/STM32CubeIDE/plugins/com.st.stm32cube.ide.mcu.externaltools.gnu-tools-for-stm32.12.3.rel1.win32_1.0.200.202406191623/tools/bin/../lib/gcc/arm-none-eabi/12.3.1/../../../../arm-none-eabi/lib/thumb/v7-m/nofp\libm.a(libm_a-ef_log.o)
 .debug_frame   0x000058fc       0x4c C:/ST/STM32CubeIDE_1.16.1/STM32CubeIDE/plugins/com.st.stm32cube.ide.mcu.externaltools.gnu-tools-for-stm32.12.3.rel1.win32_1.0.200.202406191623/tools/bin/../lib/gcc/arm-none-eabi/12.3.1/thumb/v7-m/nofp\libgcc.a(_arm_addsubsf3.o)
 .debug_frame   0x00005948       0x38 C:/ST/STM32CubeIDE_1.16.1/STM32CubeIDE/plugins/com.st.stm32cube.ide.mcu.externaltools.gnu-tools-for-stm32.12.3.rel1.win32_1.0.200.202406191623/tools/bin/../lib/gcc/arm-none-eabi/12.3.1/thumb/v7-m/nofp\libgcc.a(_arm_muldivsf3.o)
 .debug_frame   0x00005980       0xc8 C:/ST/STM32CubeIDE_1.16.1/STM32CubeIDE/plugins/com.st.stm32cube.ide.mcu.externaltools.gnu-tools-for-stm32.12.3.rel1.win32_1.0.200.202406191623/tools/bin/../lib/gcc/arm-none-eabi/12.3.1/thumb/v7-m/nofp\libgcc.a(_arm_cmpsf2.o)
 .debug_frame   0x00005a48       0x24 C:/ST/STM32CubeIDE_1.16.1/STM32CubeIDE/plugins/com.st.stm32cube.ide.mcu.externaltools.gnu-tools-for-stm32.12.3.rel1.win32_1.0.200.202406191623/tools/bin/../lib/gcc/arm-none-eabi/12.3.1/thumb/v7-m/nofp\libgcc.a(_arm_unordsf2.o)
 .debug_frame   0x00005a6c       0x24 C:/ST/STM32CubeIDE_1.16.1/STM32CubeIDE/plugins/com.st.stm32cube.ide.mcu.externaltools.gnu-tools-for-stm32.12.3.rel1.win32_1.0.200.202406191623/tools/bin/../lib/gcc/arm-none-eabi/12.3.1/thumb/v7-m/nofp\libgcc.a(_arm_fixsfsi.o)

.debug_line_str
                0x00000000       0x57
 .debug_line_str
                0x00000000       0x57 ./Core/Startup/startup_stm32f103rbtx.o
