../Core/Src/motor.c:8:13:right_motor_forward	8	static
../Core/Src/motor.c:14:13:left_motor_forward	8	static
../Core/Src/motor.c:20:13:right_motor_backward	8	static
../Core/Src/motor.c:26:13:left_motor_backward	8	static
../Core/Src/motor.c:32:13:set_speed	16	static
../Core/Src/motor.c:40:6:Motor_Init	8	static
../Core/Src/motor.c:46:6:Car_Forward	16	static
../Core/Src/motor.c:53:6:Car_Backward	16	static
../Core/Src/motor.c:60:6:Car_Right	16	static
../Core/Src/motor.c:67:6:Car_Left	16	static
../Core/Src/motor.c:74:6:Car_Stop	8	static
